Archive member included to satisfy reference by file (symbol)

../libDaisy-4.0.0/build\libdaisy.a(daisy_pod.o)
                              build/DaisyHarmoniqs.o (daisy::DaisyPod::StartAudio(void (*)(float const*, float*, unsigned int)))
../libDaisy-4.0.0/build\libdaisy.a(daisy_seed.o)
                              ../libDaisy-4.0.0/build\libdaisy.a(daisy_pod.o) (daisy::DaisySeed::Configure())
../libDaisy-4.0.0/build\libdaisy.a(codec_ak4556.o)
                              ../libDaisy-4.0.0/build\libdaisy.a(daisy_seed.o) (daisy::Ak4556::Init(dsy_gpio_pin))
../libDaisy-4.0.0/build\libdaisy.a(codec_wm8731.o)
                              ../libDaisy-4.0.0/build\libdaisy.a(daisy_seed.o) (daisy::Wm8731::Init(daisy::Wm8731::Config const&, daisy::I2CHandle))
../libDaisy-4.0.0/build\libdaisy.a(sdram.o)
                              ../libDaisy-4.0.0/build\libdaisy.a(daisy_seed.o) (SdramHandle::Init())
../libDaisy-4.0.0/build\libdaisy.a(audio.o)
                              ../libDaisy-4.0.0/build\libdaisy.a(daisy_seed.o) (daisy::AudioHandle::Init(daisy::AudioHandle::Config const&, daisy::SaiHandle))
../libDaisy-4.0.0/build\libdaisy.a(ctrl.o)
                              ../libDaisy-4.0.0/build\libdaisy.a(daisy_pod.o) (daisy::AnalogControl::Init(unsigned short*, float, bool, bool, float))
../libDaisy-4.0.0/build\libdaisy.a(encoder.o)
                              ../libDaisy-4.0.0/build\libdaisy.a(daisy_pod.o) (daisy::Encoder::Init(dsy_gpio_pin, dsy_gpio_pin, dsy_gpio_pin, float))
../libDaisy-4.0.0/build\libdaisy.a(rgb_led.o)
                              ../libDaisy-4.0.0/build\libdaisy.a(daisy_pod.o) (daisy::RgbLed::Init(dsy_gpio_pin, dsy_gpio_pin, dsy_gpio_pin, bool))
../libDaisy-4.0.0/build\libdaisy.a(switch.o)
                              ../libDaisy-4.0.0/build\libdaisy.a(daisy_pod.o) (daisy::Switch::Init(dsy_gpio_pin, float))
../libDaisy-4.0.0/build\libdaisy.a(usb.o)
                              build/DaisyHarmoniqs.o (daisy::UsbHandle::Init(daisy::UsbHandle::UsbPeriph))
../libDaisy-4.0.0/build\libdaisy.a(adc.o)
                              ../libDaisy-4.0.0/build\libdaisy.a(daisy_pod.o) (daisy::AdcChannelConfig::InitSingle(dsy_gpio_pin))
../libDaisy-4.0.0/build\libdaisy.a(gpio.o)
                              ../libDaisy-4.0.0/build\libdaisy.a(daisy_seed.o) (dsy_gpio_init)
../libDaisy-4.0.0/build\libdaisy.a(i2c.o)
                              ../libDaisy-4.0.0/build\libdaisy.a(daisy_seed.o) (daisy::I2CHandle::Init(daisy::I2CHandle::Config const&))
../libDaisy-4.0.0/build\libdaisy.a(qspi.o)
                              ../libDaisy-4.0.0/build\libdaisy.a(daisy_seed.o) (daisy::QSPIHandle::Init(daisy::QSPIHandle::Config const&))
../libDaisy-4.0.0/build\libdaisy.a(sai.o)
                              ../libDaisy-4.0.0/build\libdaisy.a(daisy_seed.o) (daisy::SaiHandle::Init(daisy::SaiHandle::Config const&))
../libDaisy-4.0.0/build\libdaisy.a(uart.o)
                              ../libDaisy-4.0.0/build\libdaisy.a(daisy_pod.o) (daisy::UartHandler::Init(daisy::UartHandler::Config const&))
../libDaisy-4.0.0/build\libdaisy.a(system.o)
                              ../libDaisy-4.0.0/build\libdaisy.a(daisy_seed.o) (daisy::System::DeInit())
../libDaisy-4.0.0/build\libdaisy.a(system_stm32h7xx.o)
                              build/startup_stm32h750xx.o (SystemInit)
../libDaisy-4.0.0/build\libdaisy.a(usbd_cdc_if.o)
                              ../libDaisy-4.0.0/build\libdaisy.a(usb.o) (CDC_Transmit_FS)
../libDaisy-4.0.0/build\libdaisy.a(usbd_conf.o)
                              ../libDaisy-4.0.0/build\libdaisy.a(system.o) (hpcd_USB_OTG_HS)
../libDaisy-4.0.0/build\libdaisy.a(usbd_desc.o)
                              ../libDaisy-4.0.0/build\libdaisy.a(usb.o) (HS_Desc)
../libDaisy-4.0.0/build\libdaisy.a(usbh_conf.o)
                              ../libDaisy-4.0.0/build\libdaisy.a(system.o) (hhcd_USB_OTG_HS)
../libDaisy-4.0.0/build\libdaisy.a(color.o)
                              ../libDaisy-4.0.0/build\libdaisy.a(daisy_pod.o) (daisy::Color::Init(daisy::Color::PresetColor))
../libDaisy-4.0.0/build\libdaisy.a(hal_map.o)
                              ../libDaisy-4.0.0/build\libdaisy.a(gpio.o) (dsy_hal_map_get_port)
../libDaisy-4.0.0/build\libdaisy.a(stm32h7xx_hal.o)
                              ../libDaisy-4.0.0/build\libdaisy.a(system.o) (HAL_Init)
../libDaisy-4.0.0/build\libdaisy.a(stm32h7xx_hal_adc.o)
                              ../libDaisy-4.0.0/build\libdaisy.a(adc.o) (HAL_ADC_ConfigChannel)
../libDaisy-4.0.0/build\libdaisy.a(stm32h7xx_hal_adc_ex.o)
                              ../libDaisy-4.0.0/build\libdaisy.a(adc.o) (HAL_ADCEx_Calibration_Start)
../libDaisy-4.0.0/build\libdaisy.a(stm32h7xx_hal_cortex.o)
                              ../libDaisy-4.0.0/build\libdaisy.a(stm32h7xx_hal.o) (HAL_NVIC_SetPriorityGrouping)
../libDaisy-4.0.0/build\libdaisy.a(stm32h7xx_hal_dma.o)
                              ../libDaisy-4.0.0/build\libdaisy.a(adc.o) (HAL_DMA_Init)
[...]
Memory Configuration

Name             Origin             Length             Attributes
FLASH            0x08000000         0x00020000         xr
DTCMRAM          0x20000000         0x00020000         xrw
SRAM             0x24000000         0x00080000         xrw
RAM_D2           0x30000000         0x00048000         xrw
RAM_D3           0x38000000         0x00010000         xrw
ITCMRAM          0x00000000         0x00010000         xrw
SDRAM            0xc0000000         0x04000000         xrw
QSPIFLASH        0x90000000         0x00800000         xr
*default*        0x00000000         0xffffffff

Linker script and memory map

LOAD c:/users/l/daisytoolchain/windows/bin/../lib/gcc/arm-none-eabi/10.2.1/thumb/v7e-m+dp/hard/crti.o
LOAD c:/users/l/daisytoolchain/windows/bin/../lib/gcc/arm-none-eabi/10.2.1/thumb/v7e-m+dp/hard/crtbegin.o
LOAD c:/users/l/daisytoolchain/windows/bin/../lib/gcc/arm-none-eabi/10.2.1/../../../../arm-none-eabi/lib/thumb/v7e-m+dp/hard/crt0.o
LOAD build/startup_stm32h750xx.o
LOAD build/DaisyHarmoniqs.o
LOAD ../libDaisy-4.0.0/build\libdaisy.a
LOAD c:/users/l/daisytoolchain/windows/bin/../lib/gcc/arm-none-eabi/10.2.1/../../../../arm-none-eabi/lib/thumb/v7e-m+dp/hard\libnosys.a
LOAD ../oma-git/DaisySP/build\libdaisysp.a
LOAD c:/users/l/daisytoolchain/windows/bin/../lib/gcc/arm-none-eabi/10.2.1/../../../../arm-none-eabi/lib/thumb/v7e-m+dp/hard\libstdc++_nano.a
LOAD c:/users/l/daisytoolchain/windows/bin/../lib/gcc/arm-none-eabi/10.2.1/../../../../arm-none-eabi/lib/thumb/v7e-m+dp/hard\libm.a
LOAD c:/users/l/daisytoolchain/windows/bin/../lib/gcc/arm-none-eabi/10.2.1/../../../../arm-none-eabi/lib/thumb/v7e-m+dp/hard\libc_nano.a
START GROUP
LOAD c:/users/l/daisytoolchain/windows/bin/../lib/gcc/arm-none-eabi/10.2.1/thumb/v7e-m+dp/hard\libgcc.a
LOAD c:/users/l/daisytoolchain/windows/bin/../lib/gcc/arm-none-eabi/10.2.1/../../../../arm-none-eabi/lib/thumb/v7e-m+dp/hard\libc_nano.a
END GROUP
START GROUP
LOAD c:/users/l/daisytoolchain/windows/bin/../lib/gcc/arm-none-eabi/10.2.1/thumb/v7e-m+dp/hard\libgcc.a
LOAD c:/users/l/daisytoolchain/windows/bin/../lib/gcc/arm-none-eabi/10.2.1/../../../../arm-none-eabi/lib/thumb/v7e-m+dp/hard\libc_nano.a
LOAD c:/users/l/daisytoolchain/windows/bin/../lib/gcc/arm-none-eabi/10.2.1/../../../../arm-none-eabi/lib/thumb/v7e-m+dp/hard\libnosys.a
END GROUP
START GROUP
LOAD c:/users/l/daisytoolchain/windows/bin/../lib/gcc/arm-none-eabi/10.2.1/thumb/v7e-m+dp/hard\libgcc.a
LOAD c:/users/l/daisytoolchain/windows/bin/../lib/gcc/arm-none-eabi/10.2.1/../../../../arm-none-eabi/lib/thumb/v7e-m+dp/hard\libc_nano.a
LOAD c:/users/l/daisytoolchain/windows/bin/../lib/gcc/arm-none-eabi/10.2.1/../../../../arm-none-eabi/lib/thumb/v7e-m+dp/hard\libnosys.a
END GROUP
LOAD c:/users/l/daisytoolchain/windows/bin/../lib/gcc/arm-none-eabi/10.2.1/thumb/v7e-m+dp/hard/crtend.o
LOAD c:/users/l/daisytoolchain/windows/bin/../lib/gcc/arm-none-eabi/10.2.1/thumb/v7e-m+dp/hard/crtn.o
                0x20020000                _estack = 0x20020000

.isr_vector     0x08000000      0x298
                0x08000000                . = ALIGN (0x4)
 *(.isr_vector)
 .isr_vector    0x08000000      0x298 build/startup_stm32h750xx.o
                0x08000000                g_pfnVectors
                0x08000298                . = ALIGN (0x4)

.text           0x080002a0    0x16b30
                0x080002a0                . = ALIGN (0x4)
                0x080002a0                _stext = .
 *(.text)
 .text          0x080002a0       0x40 c:/users/l/daisytoolchain/windows/bin/../lib/gcc/arm-none-eabi/10.2.1/thumb/v7e-m+dp/hard/crtbegin.o
 .text          0x080002e0       0x10 c:/users/l/daisytoolchain/windows/bin/../lib/gcc/arm-none-eabi/10.2.1/../../../../arm-none-eabi/lib/thumb/v7e-m+dp/hard\libc_nano.a(lib_a-strlen.o)
                0x080002e0                strlen
 .text          0x080002f0       0xa0 c:/users/l/daisytoolchain/windows/bin/../lib/gcc/arm-none-eabi/10.2.1/../../../../arm-none-eabi/lib/thumb/v7e-m+dp/hard\libc_nano.a(lib_a-memchr.o)
                0x080002f0                memchr
 .text          0x08000390      0x378 c:/users/l/daisytoolchain/windows/bin/../lib/gcc/arm-none-eabi/10.2.1/thumb/v7e-m+dp/hard\libgcc.a(_arm_addsubdf3.o)
                0x08000390                __aeabi_drsub
                0x08000398                __aeabi_dsub
                0x08000398                __subdf3
                0x0800039c                __aeabi_dadd
                0x0800039c                __adddf3
                0x08000614                __floatunsidf
                0x08000614                __aeabi_ui2d
                0x08000634                __floatsidf
                0x08000634                __aeabi_i2d
                0x08000658                __aeabi_f2d
                0x08000658                __extendsfdf2
                0x0800069c                __floatundidf
                0x0800069c                __aeabi_ul2d
                0x080006ac                __floatdidf
                0x080006ac                __aeabi_l2d
 .text          0x08000708       0x30 c:/users/l/daisytoolchain/windows/bin/../lib/gcc/arm-none-eabi/10.2.1/thumb/v7e-m+dp/hard\libgcc.a(_aeabi_uldivmod.o)
                0x08000708                __aeabi_uldivmod
 .text          0x08000738      0x2d0 c:/users/l/daisytoolchain/windows/bin/../lib/gcc/arm-none-eabi/10.2.1/thumb/v7e-m+dp/hard\libgcc.a(_udivmoddi4.o)
                0x08000738                __udivmoddi4
 .text          0x08000a08        0x4 c:/users/l/daisytoolchain/windows/bin/../lib/gcc/arm-none-eabi/10.2.1/thumb/v7e-m+dp/hard\libgcc.a(_dvmd_tls.o)
                0x08000a08                __aeabi_idiv0
                0x08000a08                __aeabi_ldiv0
 *(.text*)
 .text.Default_Handler
                0x08000a0c        0x4 build/startup_stm32h750xx.o
                0x08000a0c                RTC_Alarm_IRQHandler
                0x08000a0c                HASH_RNG_IRQHandler
                0x08000a0c                EXTI2_IRQHandler
                0x08000a0c                TIM8_CC_IRQHandler
                0x08000a0c                HRTIM1_Master_IRQHandler
                0x08000a0c                DebugMon_Handler
                0x08000a0c                SPI4_IRQHandler
                0x08000a0c                TIM1_CC_IRQHandler
                0x08000a0c                BDMA_Channel6_IRQHandler
                0x08000a0c                DMA2_Stream5_IRQHandler
                0x08000a0c                HRTIM1_FLT_IRQHandler
                0x08000a0c                JPEG_IRQHandler
                0x08000a0c                BDMA_Channel1_IRQHandler
                0x08000a0c                HRTIM1_TIMD_IRQHandler
                0x08000a0c                TAMP_STAMP_IRQHandler
                0x08000a0c                PendSV_Handler
                0x08000a0c                NMI_Handler
                0x08000a0c                EXTI3_IRQHandler
                0x08000a0c                LPTIM4_IRQHandler
                0x08000a0c                TIM8_TRG_COM_TIM14_IRQHandler
                0x08000a0c                LPTIM2_IRQHandler
                0x08000a0c                DFSDM1_FLT1_IRQHandler
                0x08000a0c                DMAMUX2_OVR_IRQHandler
                0x08000a0c                TIM8_UP_TIM13_IRQHandler
                0x08000a0c                I2C3_ER_IRQHandler
                0x08000a0c                DFSDM1_FLT2_IRQHandler
                0x08000a0c                MDMA_IRQHandler
                0x08000a0c                LPTIM3_IRQHandler
                0x08000a0c                HSEM1_IRQHandler
                0x08000a0c                EXTI0_IRQHandler
                0x08000a0c                FPU_IRQHandler
                0x08000a0c                OTG_HS_WKUP_IRQHandler
                0x08000a0c                FDCAN1_IT1_IRQHandler
                0x08000a0c                UsageFault_Handler
                0x08000a0c                LTDC_ER_IRQHandler
                0x08000a0c                DMA2_Stream2_IRQHandler
                0x08000a0c                HRTIM1_TIME_IRQHandler
                0x08000a0c                TIM6_DAC_IRQHandler
                0x08000a0c                DCMI_IRQHandler
                0x08000a0c                HRTIM1_TIMC_IRQHandler
                0x08000a0c                DMA2_Stream3_IRQHandler
                0x08000a0c                SAI2_IRQHandler
                0x08000a0c                DFSDM1_FLT3_IRQHandler
                0x08000a0c                TIM17_IRQHandler
                0x08000a0c                CRYP_IRQHandler
                0x08000a0c                BDMA_Channel7_IRQHandler
                0x08000a0c                LPTIM5_IRQHandler
                0x08000a0c                ADC3_IRQHandler
                0x08000a0c                DMA2_Stream0_IRQHandler
                0x08000a0c                TIM4_IRQHandler
                0x08000a0c                BDMA_Channel2_IRQHandler
                0x08000a0c                DMAMUX1_OVR_IRQHandler
                0x08000a0c                TIM16_IRQHandler
                0x08000a0c                BDMA_Channel5_IRQHandler
                0x08000a0c                TIM3_IRQHandler
                0x08000a0c                RCC_IRQHandler
                0x08000a0c                TIM8_BRK_TIM12_IRQHandler
                0x08000a0c                TIM1_TRG_COM_IRQHandler
                0x08000a0c                Default_Handler
                0x08000a0c                ECC_IRQHandler
                0x08000a0c                CEC_IRQHandler
                0x08000a0c                EXTI15_10_IRQHandler
                0x08000a0c                BDMA_Channel0_IRQHandler
                0x08000a0c                ADC_IRQHandler
                0x08000a0c                HRTIM1_TIMA_IRQHandler
                0x08000a0c                SPI5_IRQHandler
                0x08000a0c                TIM7_IRQHandler
                0x08000a0c                SDMMC1_IRQHandler
                0x08000a0c                TIM5_IRQHandler
                0x08000a0c                DMA2_Stream7_IRQHandler
                0x08000a0c                TIM15_IRQHandler
                0x08000a0c                PVD_AVD_IRQHandler
                0x08000a0c                EXTI9_5_IRQHandler
                0x08000a0c                RTC_WKUP_IRQHandler
                0x08000a0c                LTDC_IRQHandler
                0x08000a0c                SAI3_IRQHandler
                0x08000a0c                ETH_WKUP_IRQHandler
                0x08000a0c                SPDIF_RX_IRQHandler
                0x08000a0c                SPI2_IRQHandler
                0x08000a0c                MemManage_Handler
                0x08000a0c                SVC_Handler
                0x08000a0c                CRS_IRQHandler
                0x08000a0c                EXTI4_IRQHandler
                0x08000a0c                HRTIM1_TIMB_IRQHandler
                0x08000a0c                FDCAN2_IT1_IRQHandler
                0x08000a0c                ETH_IRQHandler
                0x08000a0c                TIM1_UP_IRQHandler
                0x08000a0c                BDMA_Channel4_IRQHandler
                0x08000a0c                WWDG_IRQHandler
                0x08000a0c                SPI6_IRQHandler
                0x08000a0c                I2C4_EV_IRQHandler
                0x08000a0c                MDIOS_IRQHandler
                0x08000a0c                FDCAN2_IT0_IRQHandler
                0x08000a0c                FDCAN1_IT0_IRQHandler
                0x08000a0c                TIM2_IRQHandler
                0x08000a0c                OTG_FS_WKUP_IRQHandler
                0x08000a0c                DMA2D_IRQHandler
                0x08000a0c                TIM1_BRK_IRQHandler
                0x08000a0c                EXTI1_IRQHandler
                0x08000a0c                SDMMC2_IRQHandler
                0x08000a0c                BDMA_Channel3_IRQHandler
                0x08000a0c                MDIOS_WKUP_IRQHandler
                0x08000a0c                DFSDM1_FLT0_IRQHandler
                0x08000a0c                SAI4_IRQHandler
                0x08000a0c                I2C2_ER_IRQHandler
                0x08000a0c                DMA2_Stream1_IRQHandler
                0x08000a0c                FLASH_IRQHandler
                0x08000a0c                DMA2_Stream4_IRQHandler
                0x08000a0c                BusFault_Handler
                0x08000a0c                SPI3_IRQHandler
                0x08000a0c                WAKEUP_PIN_IRQHandler
                0x08000a0c                I2C1_ER_IRQHandler
                0x08000a0c                FMC_IRQHandler
                0x08000a0c                FDCAN_CAL_IRQHandler
                0x08000a0c                SWPMI1_IRQHandler
                0x08000a0c                COMP1_IRQHandler
                0x08000a0c                LPTIM1_IRQHandler
                0x08000a0c                I2C4_ER_IRQHandler
                0x08000a0c                DMA2_Stream6_IRQHandler
                0x08000a0c                SAI1_IRQHandler
 .text.Reset_Handler
                0x08000a10       0x44 build/startup_stm32h750xx.o
                0x08000a10                Reset_Handler
 .text._ZN7daisysp4AdsrD2Ev
                0x08000a54        0x4 build/DaisyHarmoniqs.o
                0x08000a54                daisysp::Adsr::~Adsr()
                0x08000a54                daisysp::Adsr::~Adsr()
 .text._ZN7daisysp10OscillatorD2Ev
                0x08000a58        0x4 build/DaisyHarmoniqs.o
                0x08000a58                daisysp::Oscillator::~Oscillator()
                0x08000a58                daisysp::Oscillator::~Oscillator()
 .text._ZN7daisysp9DecimatorD2Ev
                0x08000a5c        0x4 build/DaisyHarmoniqs.o
                0x08000a5c                daisysp::Decimator::~Decimator()
                0x08000a5c                daisysp::Decimator::~Decimator()
 .text._ZN7daisysp10MoogLadderD2Ev
                0x08000a60        0x4 build/DaisyHarmoniqs.o
                0x08000a60                daisysp::MoogLadder::~MoogLadder()
                0x08000a60                daisysp::MoogLadder::~MoogLadder()
 .text._ZN5daisy8DaisyPodD2Ev
                0x08000a64        0x4 build/DaisyHarmoniqs.o
                0x08000a64                daisy::DaisyPod::~DaisyPod()
                0x08000a64                daisy::DaisyPod::~DaisyPod()
 .text.__tcf_0  0x08000a68        0x4 build/DaisyHarmoniqs.o
 .text._Z20UpdateHarmonicValuesv
                0x08000a6c      0x3c0 build/DaisyHarmoniqs.o
                0x08000a6c                UpdateHarmonicValues()
 .text._Z11NextSamplesRf
                0x08000e2c      0x508 build/DaisyHarmoniqs.o
                0x08000e2c                NextSamples(float&)
 .text._Z17HandleMidiMessageN5daisy9MidiEventE
                0x08001334      0x728 build/DaisyHarmoniqs.o
                0x08001334                HandleMidiMessage(daisy::MidiEvent)
 .text._Z11UpdateKnobsv
                0x08001a5c       0xc0 build/DaisyHarmoniqs.o
                0x08001a5c                UpdateKnobs()
 .text._Z10UpdateLedsv
                0x08001b1c       0x94 build/DaisyHarmoniqs.o
                0x08001b1c                UpdateLeds()
 .text._Z13UpdateButtonsv
                0x08001bb0      0x298 build/DaisyHarmoniqs.o
                0x08001bb0                UpdateButtons()
 .text._Z12UpdateValuesv
                0x08001e48      0x1a4 build/DaisyHarmoniqs.o
                0x08001e48                UpdateValues()
 .text._ZL13AudioCallbackPKfPfj
                0x08001fec       0x50 build/DaisyHarmoniqs.o
 .text._ZN5daisy11MidiHandlerINS_17MidiUartTransportEE5ParseEh
                0x0800203c      0x2a0 build/DaisyHarmoniqs.o
                0x0800203c                daisy::MidiHandler<daisy::MidiUartTransport>::Parse(unsigned char)
 .text.startup.main
                0x080022dc      0x44c build/DaisyHarmoniqs.o
                0x080022dc                main
 .text.startup._GLOBAL__sub_I_oldk1
                0x08002728      0x150 build/DaisyHarmoniqs.o
 .text._ZN5daisy8DaisyPod10StartAudioEPFvPKfPfjE
                0x08002878        0x4 ../libDaisy-4.0.0/build\libdaisy.a(daisy_pod.o)
                0x08002878                daisy::DaisyPod::StartAudio(void (*)(float const*, float*, unsigned int))
 .text._ZN5daisy8DaisyPod17SetAudioBlockSizeEj
                0x0800287c       0x2c ../libDaisy-4.0.0/build\libdaisy.a(daisy_pod.o)
                0x0800287c                daisy::DaisyPod::SetAudioBlockSize(unsigned int)
 .text._ZN5daisy8DaisyPod15AudioSampleRateEv
                0x080028a8        0x4 ../libDaisy-4.0.0/build\libdaisy.a(daisy_pod.o)
                0x080028a8                daisy::DaisyPod::AudioSampleRate()
 .text._ZN5daisy8DaisyPod8StartAdcEv
                0x080028ac        0x8 ../libDaisy-4.0.0/build\libdaisy.a(daisy_pod.o)
                0x080028ac                daisy::DaisyPod::StartAdc()
 .text._ZN5daisy8DaisyPod21ProcessAnalogControlsEv
                0x080028b4       0x18 ../libDaisy-4.0.0/build\libdaisy.a(daisy_pod.o)
                0x080028b4                daisy::DaisyPod::ProcessAnalogControls()
 .text._ZN5daisy8DaisyPod22ProcessDigitalControlsEv
                0x080028cc       0x20 ../libDaisy-4.0.0/build\libdaisy.a(daisy_pod.o)
                0x080028cc                daisy::DaisyPod::ProcessDigitalControls()
 .text._ZN5daisy8DaisyPod10UpdateLedsEv
                0x080028ec       0x18 ../libDaisy-4.0.0/build\libdaisy.a(daisy_pod.o)
                0x080028ec                daisy::DaisyPod::UpdateLeds()
 .text._ZN5daisy8DaisyPod8InitLedsEv
                0x08002904       0xac ../libDaisy-4.0.0/build\libdaisy.a(daisy_pod.o)
                0x08002904                daisy::DaisyPod::InitLeds()
 .text._ZN5daisy8DaisyPod9InitKnobsEv
                0x080029b0       0x98 ../libDaisy-4.0.0/build\libdaisy.a(daisy_pod.o)
                0x080029b0                daisy::DaisyPod::InitKnobs()
 .text._ZN5daisy8DaisyPod4InitEb
                0x08002a48      0x118 ../libDaisy-4.0.0/build\libdaisy.a(daisy_pod.o)
                0x08002a48                daisy::DaisyPod::Init(bool)
 .text._ZN5daisy9DaisySeed9ConfigureEv
                0x08002b60        0x4 ../libDaisy-4.0.0/build\libdaisy.a(daisy_seed.o)
                0x08002b60                daisy::DaisySeed::Configure()
 .text._ZN5daisy9DaisySeed6GetPinEh
                0x08002b64       0x2c ../libDaisy-4.0.0/build\libdaisy.a(daisy_seed.o)
                0x08002b64                daisy::DaisySeed::GetPin(unsigned char)
 .text._ZN5daisy9DaisySeed10StartAudioEPFvPKfPfjE
                0x08002b90        0x8 ../libDaisy-4.0.0/build\libdaisy.a(daisy_seed.o)
                0x08002b90                daisy::DaisySeed::StartAudio(void (*)(float const*, float*, unsigned int))
 .text._ZN5daisy9DaisySeed15AudioSampleRateEv
                0x08002b98        0x8 ../libDaisy-4.0.0/build\libdaisy.a(daisy_seed.o)
                0x08002b98                daisy::DaisySeed::AudioSampleRate()
 .text._ZN5daisy9DaisySeed17SetAudioBlockSizeEj
                0x08002ba0       0x38 ../libDaisy-4.0.0/build\libdaisy.a(daisy_seed.o)
                0x08002ba0                daisy::DaisySeed::SetAudioBlockSize(unsigned int)
 .text._ZNK5daisy9DaisySeed17AudioCallbackRateEv
                0x08002bd8        0x8 ../libDaisy-4.0.0/build\libdaisy.a(daisy_seed.o)
                0x08002bd8                daisy::DaisySeed::AudioCallbackRate() const
 .text._ZN5daisy9DaisySeed14ConfigureAudioEv
                0x08002be0       0xd0 ../libDaisy-4.0.0/build\libdaisy.a(daisy_seed.o)
                0x08002be0                daisy::DaisySeed::ConfigureAudio()
 .text._ZN5daisy9DaisySeed4InitEb
                0x08002cb0       0xf0 ../libDaisy-4.0.0/build\libdaisy.a(daisy_seed.o)
                0x08002cb0                daisy::DaisySeed::Init(bool)
 .text._ZN5daisy6Ak45564InitE12dsy_gpio_pin
                0x08002da0       0x44 ../libDaisy-4.0.0/build\libdaisy.a(codec_ak4556.o)
                0x08002da0                daisy::Ak4556::Init(dsy_gpio_pin)
 .text._ZN5daisy6Wm873120WriteControlRegisterEht
                0x08002de4       0x3c ../libDaisy-4.0.0/build\libdaisy.a(codec_wm8731.o)
                0x08002de4                daisy::Wm8731::WriteControlRegister(unsigned char, unsigned short)
 .text._ZN5daisy6Wm87314InitERKNS0_6ConfigENS_9I2CHandleE
                0x08002e20      0x1bc ../libDaisy-4.0.0/build\libdaisy.a(codec_wm8731.o)
                0x08002e20                daisy::Wm8731::Init(daisy::Wm8731::Config const&, daisy::I2CHandle)
 .text._ZN11SdramHandle10DeviceInitEv
                0x08002fdc       0x98 ../libDaisy-4.0.0/build\libdaisy.a(sdram.o)
                0x08002fdc                SdramHandle::DeviceInit()
 .text._ZN11SdramHandle4InitEv
                0x08003074       0x7c ../libDaisy-4.0.0/build\libdaisy.a(sdram.o)
                0x08003074                SdramHandle::Init()
 .text.HAL_SDRAM_MspInit
                0x080030f0      0x1a8 ../libDaisy-4.0.0/build\libdaisy.a(sdram.o)
                0x080030f0                HAL_SDRAM_MspInit
 .text._ZN5daisy11AudioHandle4Impl16InternalCallbackEPlS2_j
                0x08003298      0xbbc ../libDaisy-4.0.0/build\libdaisy.a(audio.o)
                0x08003298                daisy::AudioHandle::Impl::InternalCallback(long*, long*, unsigned int)
 .text._ZN5daisy11AudioHandle4InitERKNS0_6ConfigENS_9SaiHandleE
                0x08003e54       0x64 ../libDaisy-4.0.0/build\libdaisy.a(audio.o)
                0x08003e54                daisy::AudioHandle::Init(daisy::AudioHandle::Config const&, daisy::SaiHandle)
 .text._ZNK5daisy11AudioHandle9GetConfigEv
                0x08003eb8        0x8 ../libDaisy-4.0.0/build\libdaisy.a(audio.o)
                0x08003eb8                daisy::AudioHandle::GetConfig() const
 .text._ZN5daisy11AudioHandle12SetBlockSizeEj
                0x08003ec0       0x1c ../libDaisy-4.0.0/build\libdaisy.a(audio.o)
                0x08003ec0                daisy::AudioHandle::SetBlockSize(unsigned int)
 .text._ZN5daisy11AudioHandle13GetSampleRateEv
                0x08003edc        0x8 ../libDaisy-4.0.0/build\libdaisy.a(audio.o)
                0x08003edc                daisy::AudioHandle::GetSampleRate()
 .text._ZN5daisy11AudioHandle5StartEPFvPKfPfjE
                0x08003ee4       0x2c ../libDaisy-4.0.0/build\libdaisy.a(audio.o)
                0x08003ee4                daisy::AudioHandle::Start(void (*)(float const*, float*, unsigned int))
 .text.startup._GLOBAL__sub_I__ZN5daisy11AudioHandle4Impl4InitENS0_6ConfigENS_9SaiHandleE
                0x08003f10       0x10 ../libDaisy-4.0.0/build\libdaisy.a(audio.o)
 .text._ZN5daisy13AnalogControl4InitEPtfbbf
                0x08003f20       0x3c ../libDaisy-4.0.0/build\libdaisy.a(ctrl.o)
                0x08003f20                daisy::AnalogControl::Init(unsigned short*, float, bool, bool, float)
 .text._ZN5daisy13AnalogControl7ProcessEv
                0x08003f5c       0x48 ../libDaisy-4.0.0/build\libdaisy.a(ctrl.o)
                0x08003f5c                daisy::AnalogControl::Process()
 .text._ZN5daisy13AnalogControl13SetSampleRateEf
                0x08003fa4       0x30 ../libDaisy-4.0.0/build\libdaisy.a(ctrl.o)
                0x08003fa4                daisy::AnalogControl::SetSampleRate(float)
 .text._ZN5daisy7Encoder4InitE12dsy_gpio_pinS1_S1_f
                0x08003fd4       0x4c ../libDaisy-4.0.0/build\libdaisy.a(encoder.o)
                0x08003fd4                daisy::Encoder::Init(dsy_gpio_pin, dsy_gpio_pin, dsy_gpio_pin, float)
 .text._ZN5daisy7Encoder8DebounceEv
                0x08004020       0x60 ../libDaisy-4.0.0/build\libdaisy.a(encoder.o)
                0x08004020                daisy::Encoder::Debounce()
 .text._ZN5daisy6RgbLed4InitE12dsy_gpio_pinS1_S1_b
                0x08004080       0x50 ../libDaisy-4.0.0/build\libdaisy.a(rgb_led.o)
                0x08004080                daisy::RgbLed::Init(dsy_gpio_pin, dsy_gpio_pin, dsy_gpio_pin, bool)
 .text._ZN5daisy6RgbLed3SetEfff
                0x080040d0       0x34 ../libDaisy-4.0.0/build\libdaisy.a(rgb_led.o)
                0x080040d0                daisy::RgbLed::Set(float, float, float)
 .text._ZN5daisy6RgbLed8SetColorENS_5ColorE
                0x08004104       0x2c ../libDaisy-4.0.0/build\libdaisy.a(rgb_led.o)
                0x08004104                daisy::RgbLed::SetColor(daisy::Color)
 .text._ZN5daisy6RgbLed6UpdateEv
                0x08004130       0x1c ../libDaisy-4.0.0/build\libdaisy.a(rgb_led.o)
                0x08004130                daisy::RgbLed::Update()
 .text._ZN5daisy6Switch4InitE12dsy_gpio_pinf
                0x0800414c       0x28 ../libDaisy-4.0.0/build\libdaisy.a(switch.o)
                0x0800414c                daisy::Switch::Init(dsy_gpio_pin, float)
 .text._ZN5daisy6Switch8DebounceEv
                0x08004174       0x48 ../libDaisy-4.0.0/build\libdaisy.a(switch.o)
                0x08004174                daisy::Switch::Debounce()
 .text.DummyRxCallback
                0x080041bc        0x4 ../libDaisy-4.0.0/build\libdaisy.a(usb.o)
                0x080041bc                DummyRxCallback
 .text._ZN5daisy9UsbHandle4InitENS0_9UsbPeriphE
                0x080041c0      0x10c ../libDaisy-4.0.0/build\libdaisy.a(usb.o)
                0x080041c0                daisy::UsbHandle::Init(daisy::UsbHandle::UsbPeriph)
 .text._ZN5daisy9UsbHandle16TransmitInternalEPhj
                0x080042cc       0x14 ../libDaisy-4.0.0/build\libdaisy.a(usb.o)
                0x080042cc                daisy::UsbHandle::TransmitInternal(unsigned char*, unsigned int)
 .text.OTG_FS_EP1_OUT_IRQHandler
                0x080042e0        0xc ../libDaisy-4.0.0/build\libdaisy.a(usb.o)
                0x080042e0                OTG_FS_EP1_OUT_IRQHandler
 .text.OTG_FS_EP1_IN_IRQHandler
                0x080042ec        0xc ../libDaisy-4.0.0/build\libdaisy.a(usb.o)
                0x080042ec                OTG_FS_EP1_IN_IRQHandler
 .text.OTG_FS_IRQHandler
                0x080042f8        0xc ../libDaisy-4.0.0/build\libdaisy.a(usb.o)
                0x080042f8                OTG_FS_IRQHandler
 .text._ZN5daisy16AdcChannelConfig10InitSingleE12dsy_gpio_pin
                0x08004304       0x1c ../libDaisy-4.0.0/build\libdaisy.a(adc.o)
                0x08004304                daisy::AdcChannelConfig::InitSingle(dsy_gpio_pin)
 .text._ZN5daisy9AdcHandle4InitEPNS_16AdcChannelConfigEjNS0_12OverSamplingE
                0x08004320      0x3c8 ../libDaisy-4.0.0/build\libdaisy.a(adc.o)
                0x08004320                daisy::AdcHandle::Init(daisy::AdcChannelConfig*, unsigned int, daisy::AdcHandle::OverSampling)
 .text._ZN5daisy9AdcHandle5StartEv
                0x080046e8       0x2c ../libDaisy-4.0.0/build\libdaisy.a(adc.o)
                0x080046e8                daisy::AdcHandle::Start()
 .text._ZNK5daisy9AdcHandle6GetPtrEh
                0x08004714       0x14 ../libDaisy-4.0.0/build\libdaisy.a(adc.o)
                0x08004714                daisy::AdcHandle::GetPtr(unsigned char) const
 .text.HAL_ADC_MspInit
                0x08004728       0x98 ../libDaisy-4.0.0/build\libdaisy.a(adc.o)
                0x08004728                HAL_ADC_MspInit
 .text.DMA1_Stream2_IRQHandler
                0x080047c0        0xc ../libDaisy-4.0.0/build\libdaisy.a(adc.o)
                0x080047c0                DMA1_Stream2_IRQHandler
 .text.HAL_ADC_ConvCpltCallback
                0x080047cc      0x148 ../libDaisy-4.0.0/build\libdaisy.a(adc.o)
                0x080047cc                HAL_ADC_ConvCpltCallback
 .text.HAL_ADC_ErrorCallback
                0x08004914        0x4 ../libDaisy-4.0.0/build\libdaisy.a(adc.o)
                0x08004914                HAL_ADC_ErrorCallback
 .text.dsy_gpio_init
                0x08004918      0x1b8 ../libDaisy-4.0.0/build\libdaisy.a(gpio.o)
                0x08004918                dsy_gpio_init
 .text.dsy_gpio_read
                0x08004ad0       0x1c ../libDaisy-4.0.0/build\libdaisy.a(gpio.o)
                0x08004ad0                dsy_gpio_read
 .text.dsy_gpio_write
                0x08004aec       0x24 ../libDaisy-4.0.0/build\libdaisy.a(gpio.o)
                0x08004aec                dsy_gpio_write
 .text._ZN5daisy9I2CHandle4Impl8InitPinsEv
                0x08004b10       0x58 ../libDaisy-4.0.0/build\libdaisy.a(i2c.o)
                0x08004b10                daisy::I2CHandle::Impl::InitPins()
 .text.HAL_I2C_MspInit
                0x08004b68      0x1b4 ../libDaisy-4.0.0/build\libdaisy.a(i2c.o)
                0x08004b68                HAL_I2C_MspInit
 .text.dsy_i2c_global_init
                0x08004d1c       0x78 ../libDaisy-4.0.0/build\libdaisy.a(i2c.o)
                0x08004d1c                dsy_i2c_global_init
 .text.DMA1_Stream6_IRQHandler
                0x08004d94       0x34 ../libDaisy-4.0.0/build\libdaisy.a(i2c.o)
                0x08004d94                DMA1_Stream6_IRQHandler
 .text.I2C1_EV_IRQHandler
                0x08004dc8        0xc ../libDaisy-4.0.0/build\libdaisy.a(i2c.o)
                0x08004dc8                I2C1_EV_IRQHandler
 .text.I2C2_EV_IRQHandler
                0x08004dd4        0xc ../libDaisy-4.0.0/build\libdaisy.a(i2c.o)
                0x08004dd4                I2C2_EV_IRQHandler
 .text.I2C3_EV_IRQHandler
                0x08004de0        0xc ../libDaisy-4.0.0/build\libdaisy.a(i2c.o)
                0x08004de0                I2C3_EV_IRQHandler
 .text._ZN5daisy9I2CHandle4InitERKNS0_6ConfigE
                0x08004dec      0x12c ../libDaisy-4.0.0/build\libdaisy.a(i2c.o)
                0x08004dec                daisy::I2CHandle::Init(daisy::I2CHandle::Config const&)
 .text._ZN5daisy9I2CHandle16TransmitBlockingEtPhtm
                0x08004f18       0x50 ../libDaisy-4.0.0/build\libdaisy.a(i2c.o)
                0x08004f18                daisy::I2CHandle::TransmitBlocking(unsigned short, unsigned char*, unsigned short, unsigned long)
 .text.startup._GLOBAL__sub_I__ZN5daisy9I2CHandle4Impl10GlobalInitEv
                0x08004f68       0x18 ../libDaisy-4.0.0/build\libdaisy.a(i2c.o)
 .text._ZN5daisy10QSPIHandle4Impl11WriteEnableEv
                0x08004f80       0x8c ../libDaisy-4.0.0/build\libdaisy.a(qspi.o)
                0x08004f80                daisy::QSPIHandle::Impl::WriteEnable()
 *fill*         0x0800500c        0x4 
 .text._ZN5daisy10QSPIHandle4Impl17DummyCyclesConfigENS0_6Config6DeviceE
                0x08005010      0x118 ../libDaisy-4.0.0/build\libdaisy.a(qspi.o)
                0x08005010                daisy::QSPIHandle::Impl::DummyCyclesConfig(daisy::QSPIHandle::Config::Device)
 .text._ZN5daisy10QSPIHandle4Impl10QuadEnableEv
                0x08005128      0x158 ../libDaisy-4.0.0/build\libdaisy.a(qspi.o)
                0x08005128                daisy::QSPIHandle::Impl::QuadEnable()
 .text._ZN5daisy10QSPIHandle4InitERKNS0_6ConfigE
                0x08005280      0x198 ../libDaisy-4.0.0/build\libdaisy.a(qspi.o)
                0x08005280                daisy::QSPIHandle::Init(daisy::QSPIHandle::Config const&)
 .text.HAL_QSPI_MspInit
                0x08005418      0x11c ../libDaisy-4.0.0/build\libdaisy.a(qspi.o)
                0x08005418                HAL_QSPI_MspInit
 .text.HAL_QSPI_MspDeInit
                0x08005534       0x54 ../libDaisy-4.0.0/build\libdaisy.a(qspi.o)
                0x08005534                HAL_QSPI_MspDeInit
 .text.QUADSPI_IRQHandler
                0x08005588        0xc ../libDaisy-4.0.0/build\libdaisy.a(qspi.o)
                0x08005588                QUADSPI_IRQHandler
 .text.startup._GLOBAL__sub_I__ZN5daisy10QSPIHandle4Impl4InitERKNS0_6ConfigE
                0x08005594       0x28 ../libDaisy-4.0.0/build\libdaisy.a(qspi.o)
 .text._ZN5daisy9SaiHandle4Impl7InitDmaENS1_15PeripheralBlockE
                0x080055bc       0xa0 ../libDaisy-4.0.0/build\libdaisy.a(sai.o)
                0x080055bc                daisy::SaiHandle::Impl::InitDma(daisy::SaiHandle::Impl::PeripheralBlock)
 .text._ZN5daisy9SaiHandle4Impl8InitPinsEv
                0x0800565c       0xa8 ../libDaisy-4.0.0/build\libdaisy.a(sai.o)
                0x0800565c                daisy::SaiHandle::Impl::InitPins()
 .text.HAL_SAI_MspInit
                0x08005704      0x164 ../libDaisy-4.0.0/build\libdaisy.a(sai.o)
                0x08005704                HAL_SAI_MspInit
 .text.DMA1_Stream0_IRQHandler
                0x08005868        0xc ../libDaisy-4.0.0/build\libdaisy.a(sai.o)
                0x08005868                DMA1_Stream0_IRQHandler
 .text.DMA1_Stream1_IRQHandler
                0x08005874        0xc ../libDaisy-4.0.0/build\libdaisy.a(sai.o)
                0x08005874                DMA1_Stream1_IRQHandler
 .text.DMA1_Stream3_IRQHandler
                0x08005880        0xc ../libDaisy-4.0.0/build\libdaisy.a(sai.o)
                0x08005880                DMA1_Stream3_IRQHandler
 .text.DMA1_Stream4_IRQHandler
                0x0800588c        0xc ../libDaisy-4.0.0/build\libdaisy.a(sai.o)
                0x0800588c                DMA1_Stream4_IRQHandler
 .text.HAL_SAI_RxHalfCpltCallback
                0x08005898       0x78 ../libDaisy-4.0.0/build\libdaisy.a(sai.o)
                0x08005898                HAL_SAI_RxHalfCpltCallback
 .text.HAL_SAI_RxCpltCallback
                0x08005910       0x70 ../libDaisy-4.0.0/build\libdaisy.a(sai.o)
                0x08005910                HAL_SAI_RxCpltCallback
 .text._ZN5daisy9SaiHandle4InitERKNS0_6ConfigE
                0x08005980      0x1f0 ../libDaisy-4.0.0/build\libdaisy.a(sai.o)
                0x08005980                daisy::SaiHandle::Init(daisy::SaiHandle::Config const&)
 .text._ZNK5daisy9SaiHandle9GetConfigEv
                0x08005b70        0x4 ../libDaisy-4.0.0/build\libdaisy.a(sai.o)
                0x08005b70                daisy::SaiHandle::GetConfig() const
 .text._ZN5daisy9SaiHandle8StartDmaEPlS1_jPFvS1_S1_jE
                0x08005b74       0xbc ../libDaisy-4.0.0/build\libdaisy.a(sai.o)
                0x08005b74                daisy::SaiHandle::StartDma(long*, long*, unsigned int, void (*)(long*, long*, unsigned int))
 .text._ZN5daisy9SaiHandle13GetSampleRateEv
                0x08005c30       0x24 ../libDaisy-4.0.0/build\libdaisy.a(sai.o)
                0x08005c30                daisy::SaiHandle::GetSampleRate()
 .text._ZNK5daisy9SaiHandle9GetOffsetEv
                0x08005c54        0x8 ../libDaisy-4.0.0/build\libdaisy.a(sai.o)
                0x08005c54                daisy::SaiHandle::GetOffset() const
 .text._ZN5daisy11UartHandler4Impl8InitPinsEv
                0x08005c5c      0x15c ../libDaisy-4.0.0/build\libdaisy.a(uart.o)
                0x08005c5c                daisy::UartHandler::Impl::InitPins()
 .text._ZN5daisy11UartHandler4Impl14UARTRxCompleteEv
                0x08005db8       0xfc ../libDaisy-4.0.0/build\libdaisy.a(uart.o)
                0x08005db8                daisy::UartHandler::Impl::UARTRxComplete()
 .text.HAL_UART_RxCpltCallback
                0x08005eb4       0x90 ../libDaisy-4.0.0/build\libdaisy.a(uart.o)
                0x08005eb4                HAL_UART_RxCpltCallback
 .text.HAL_UART_ErrorCallback
                0x08005f44       0x94 ../libDaisy-4.0.0/build\libdaisy.a(uart.o)
                0x08005f44                HAL_UART_ErrorCallback
 .text.HAL_UART_MspInit
                0x08005fd8      0x28c ../libDaisy-4.0.0/build\libdaisy.a(uart.o)
                0x08005fd8                HAL_UART_MspInit
 .text.USART1_IRQHandler
                0x08006264       0xa8 ../libDaisy-4.0.0/build\libdaisy.a(uart.o)
                0x08006264                USART1_IRQHandler
 .text.USART2_IRQHandler
                0x0800630c       0xac ../libDaisy-4.0.0/build\libdaisy.a(uart.o)
                0x0800630c                USART2_IRQHandler
 .text.USART3_IRQHandler
                0x080063b8       0xac ../libDaisy-4.0.0/build\libdaisy.a(uart.o)
                0x080063b8                USART3_IRQHandler
 .text.UART4_IRQHandler
                0x08006464       0xac ../libDaisy-4.0.0/build\libdaisy.a(uart.o)
                0x08006464                UART4_IRQHandler
 .text.UART5_IRQHandler
                0x08006510       0xac ../libDaisy-4.0.0/build\libdaisy.a(uart.o)
                0x08006510                UART5_IRQHandler
 .text.USART6_IRQHandler
                0x080065bc       0xac ../libDaisy-4.0.0/build\libdaisy.a(uart.o)
                0x080065bc                USART6_IRQHandler
 .text.UART7_IRQHandler
                0x08006668       0xac ../libDaisy-4.0.0/build\libdaisy.a(uart.o)
                0x08006668                UART7_IRQHandler
 .text.UART8_IRQHandler
                0x08006714       0xac ../libDaisy-4.0.0/build\libdaisy.a(uart.o)
                0x08006714                UART8_IRQHandler
 .text.LPUART1_IRQHandler
                0x080067c0       0xb4 ../libDaisy-4.0.0/build\libdaisy.a(uart.o)
                0x080067c0                LPUART1_IRQHandler
 .text.DMA1_Stream5_IRQHandler
                0x08006874        0xc ../libDaisy-4.0.0/build\libdaisy.a(uart.o)
                0x08006874                DMA1_Stream5_IRQHandler
 .text._ZN5daisy11UartHandler4InitERKNS0_6ConfigE
                0x08006880      0x104 ../libDaisy-4.0.0/build\libdaisy.a(uart.o)
                0x08006880                daisy::UartHandler::Init(daisy::UartHandler::Config const&)
 .text._ZN5daisy11UartHandler7StartRxEv
                0x08006984       0x28 ../libDaisy-4.0.0/build\libdaisy.a(uart.o)
                0x08006984                daisy::UartHandler::StartRx()
 .text._ZN5daisy11UartHandler8RxActiveEv
                0x080069ac        0x8 ../libDaisy-4.0.0/build\libdaisy.a(uart.o)
                0x080069ac                daisy::UartHandler::RxActive()
 .text._ZN5daisy11UartHandler7FlushRxEv
                0x080069b4       0x10 ../libDaisy-4.0.0/build\libdaisy.a(uart.o)
                0x080069b4                daisy::UartHandler::FlushRx()
 .text._ZN5daisy11UartHandler5PopRxEv
                0x080069c4       0x28 ../libDaisy-4.0.0/build\libdaisy.a(uart.o)
                0x080069c4                daisy::UartHandler::PopRx()
 .text._ZN5daisy11UartHandler8ReadableEv
                0x080069ec       0x10 ../libDaisy-4.0.0/build\libdaisy.a(uart.o)
                0x080069ec                daisy::UartHandler::Readable()
 .text.startup._GLOBAL__sub_I__Z19MapInstanceToHandleP13USART_TypeDef
                0x080069fc      0x140 ../libDaisy-4.0.0/build\libdaisy.a(uart.o)
 .text._ZN5daisy11TimerHandleD2Ev
                0x08006b3c        0x4 ../libDaisy-4.0.0/build\libdaisy.a(system.o)
                0x08006b3c                daisy::TimerHandle::~TimerHandle()
                0x08006b3c                daisy::TimerHandle::~TimerHandle()
 .text.SysTick_Handler
                0x08006b40       0x10 ../libDaisy-4.0.0/build\libdaisy.a(system.o)
                0x08006b40                SysTick_Handler
 .text.OTG_HS_EP1_OUT_IRQHandler
                0x08006b50       0x24 ../libDaisy-4.0.0/build\libdaisy.a(system.o)
                0x08006b50                OTG_HS_EP1_OUT_IRQHandler
 .text.OTG_HS_EP1_IN_IRQHandler
                0x08006b74       0x24 ../libDaisy-4.0.0/build\libdaisy.a(system.o)
                0x08006b74                OTG_HS_EP1_IN_IRQHandler
 .text.OTG_HS_IRQHandler
                0x08006b98       0x24 ../libDaisy-4.0.0/build\libdaisy.a(system.o)
                0x08006b98                OTG_HS_IRQHandler
 .text.HardFault_Handler
                0x08006bbc        0x4 ../libDaisy-4.0.0/build\libdaisy.a(system.o)
                0x08006bbc                HardFault_Handler
 .text._ZN5daisy6System6GetNowEv
                0x08006bc0        0x4 ../libDaisy-4.0.0/build\libdaisy.a(system.o)
                0x08006bc0                daisy::System::GetNow()
 .text._ZN5daisy6System5DelayEm
                0x08006bc4        0x4 ../libDaisy-4.0.0/build\libdaisy.a(system.o)
                0x08006bc4                daisy::System::Delay(unsigned long)
 .text._ZN5daisy6System15ConfigureClocksEv
                0x08006bc8      0x194 ../libDaisy-4.0.0/build\libdaisy.a(system.o)
                0x08006bc8                daisy::System::ConfigureClocks()
 .text._ZN5daisy6System4InitERKNS0_6ConfigE
                0x08006d5c      0x12c ../libDaisy-4.0.0/build\libdaisy.a(system.o)
                0x08006d5c                daisy::System::Init(daisy::System::Config const&)
 .text._ZN5daisy6System12GetPClk1FreqEv
                0x08006e88        0x4 ../libDaisy-4.0.0/build\libdaisy.a(system.o)
                0x08006e88                daisy::System::GetPClk1Freq()
 .text._ZN5daisy6System22GetProgramMemoryRegionEv
                0x08006e8c       0x78 ../libDaisy-4.0.0/build\libdaisy.a(system.o)
                0x08006e8c                daisy::System::GetProgramMemoryRegion()
 .text.startup._GLOBAL__sub_I_SysTick_Handler
                0x08006f04       0x1c ../libDaisy-4.0.0/build\libdaisy.a(system.o)
 .text.SystemInit
                0x08006f20       0x9c ../libDaisy-4.0.0/build\libdaisy.a(system_stm32h7xx.o)
                0x08006f20                SystemInit
 .text.dummy_rx_callback
                0x08006fbc        0x4 ../libDaisy-4.0.0/build\libdaisy.a(usbd_cdc_if.o)
                0x08006fbc                dummy_rx_callback
 .text.CDC_DeInit_FS
                0x08006fc0        0x4 ../libDaisy-4.0.0/build\libdaisy.a(usbd_cdc_if.o)
 .text.CDC_Receive_FS
                0x08006fc4       0x2c ../libDaisy-4.0.0/build\libdaisy.a(usbd_cdc_if.o)
 .text.CDC_Receive_HS
                0x08006ff0       0x2c ../libDaisy-4.0.0/build\libdaisy.a(usbd_cdc_if.o)
 .text.CDC_Init_FS
                0x0800701c       0x3c ../libDaisy-4.0.0/build\libdaisy.a(usbd_cdc_if.o)
 .text.CDC_Init_HS
                0x08007058       0x3c ../libDaisy-4.0.0/build\libdaisy.a(usbd_cdc_if.o)
 .text.CDC_Control_FS
                0x08007094       0x34 ../libDaisy-4.0.0/build\libdaisy.a(usbd_cdc_if.o)
 .text.CDC_Control_HS
                0x080070c8       0x34 ../libDaisy-4.0.0/build\libdaisy.a(usbd_cdc_if.o)
 .text.CDC_DeInit_HS
                0x080070fc        0x4 ../libDaisy-4.0.0/build\libdaisy.a(usbd_cdc_if.o)
 .text.CDC_Transmit_FS
                0x08007100       0x2c ../libDaisy-4.0.0/build\libdaisy.a(usbd_cdc_if.o)
                0x08007100                CDC_Transmit_FS
 .text.HAL_PCD_MspInit
                0x0800712c      0x144 ../libDaisy-4.0.0/build\libdaisy.a(usbd_conf.o)
                0x0800712c                HAL_PCD_MspInit
 .text.HAL_PCD_SetupStageCallback
                0x08007270        0xc ../libDaisy-4.0.0/build\libdaisy.a(usbd_conf.o)
                0x08007270                HAL_PCD_SetupStageCallback
 .text.HAL_PCD_DataOutStageCallback
                0x0800727c       0x14 ../libDaisy-4.0.0/build\libdaisy.a(usbd_conf.o)
                0x0800727c                HAL_PCD_DataOutStageCallback
 .text.HAL_PCD_DataInStageCallback
                0x08007290       0x14 ../libDaisy-4.0.0/build\libdaisy.a(usbd_conf.o)
                0x08007290                HAL_PCD_DataInStageCallback
 .text.HAL_PCD_SOFCallback
                0x080072a4        0x8 ../libDaisy-4.0.0/build\libdaisy.a(usbd_conf.o)
                0x080072a4                HAL_PCD_SOFCallback
 .text.HAL_PCD_ResetCallback
                0x080072ac       0x24 ../libDaisy-4.0.0/build\libdaisy.a(usbd_conf.o)
                0x080072ac                HAL_PCD_ResetCallback
 .text.HAL_PCD_SuspendCallback
                0x080072d0       0x30 ../libDaisy-4.0.0/build\libdaisy.a(usbd_conf.o)
                0x080072d0                HAL_PCD_SuspendCallback
 .text.HAL_PCD_ResumeCallback
                0x08007300        0x8 ../libDaisy-4.0.0/build\libdaisy.a(usbd_conf.o)
                0x08007300                HAL_PCD_ResumeCallback
 .text.HAL_PCD_ISOOUTIncompleteCallback
                0x08007308        0x8 ../libDaisy-4.0.0/build\libdaisy.a(usbd_conf.o)
                0x08007308                HAL_PCD_ISOOUTIncompleteCallback
 .text.HAL_PCD_ISOINIncompleteCallback
                0x08007310        0x8 ../libDaisy-4.0.0/build\libdaisy.a(usbd_conf.o)
                0x08007310                HAL_PCD_ISOINIncompleteCallback
 .text.HAL_PCD_ConnectCallback
                0x08007318        0x8 ../libDaisy-4.0.0/build\libdaisy.a(usbd_conf.o)
                0x08007318                HAL_PCD_ConnectCallback
 .text.HAL_PCD_DisconnectCallback
                0x08007320        0x8 ../libDaisy-4.0.0/build\libdaisy.a(usbd_conf.o)
                0x08007320                HAL_PCD_DisconnectCallback
 .text.USBD_LL_Init
                0x08007328       0xe4 ../libDaisy-4.0.0/build\libdaisy.a(usbd_conf.o)
                0x08007328                USBD_LL_Init
 .text.USBD_LL_Start
                0x0800740c       0x1c ../libDaisy-4.0.0/build\libdaisy.a(usbd_conf.o)
                0x0800740c                USBD_LL_Start
 .text.USBD_LL_OpenEP
                0x08007428       0x24 ../libDaisy-4.0.0/build\libdaisy.a(usbd_conf.o)
                0x08007428                USBD_LL_OpenEP
 .text.USBD_LL_CloseEP
                0x0800744c       0x1c ../libDaisy-4.0.0/build\libdaisy.a(usbd_conf.o)
                0x0800744c                USBD_LL_CloseEP
 .text.USBD_LL_StallEP
                0x08007468       0x1c ../libDaisy-4.0.0/build\libdaisy.a(usbd_conf.o)
                0x08007468                USBD_LL_StallEP
 .text.USBD_LL_ClearStallEP
                0x08007484       0x1c ../libDaisy-4.0.0/build\libdaisy.a(usbd_conf.o)
                0x08007484                USBD_LL_ClearStallEP
 .text.USBD_LL_IsStallEP
                0x080074a0       0x28 ../libDaisy-4.0.0/build\libdaisy.a(usbd_conf.o)
                0x080074a0                USBD_LL_IsStallEP
 .text.USBD_LL_SetUSBAddress
                0x080074c8       0x1c ../libDaisy-4.0.0/build\libdaisy.a(usbd_conf.o)
                0x080074c8                USBD_LL_SetUSBAddress
 .text.USBD_LL_Transmit
                0x080074e4       0x1c ../libDaisy-4.0.0/build\libdaisy.a(usbd_conf.o)
                0x080074e4                USBD_LL_Transmit
 .text.USBD_LL_PrepareReceive
                0x08007500       0x1c ../libDaisy-4.0.0/build\libdaisy.a(usbd_conf.o)
                0x08007500                USBD_LL_PrepareReceive
 .text.USBD_LL_GetRxDataSize
                0x0800751c        0x8 ../libDaisy-4.0.0/build\libdaisy.a(usbd_conf.o)
                0x0800751c                USBD_LL_GetRxDataSize
 .text.USBD_HS_DeviceDescriptor
                0x08007524        0xc ../libDaisy-4.0.0/build\libdaisy.a(usbd_desc.o)
                0x08007524                USBD_HS_DeviceDescriptor
 .text.USBD_FS_DeviceDescriptor
                0x08007530        0xc ../libDaisy-4.0.0/build\libdaisy.a(usbd_desc.o)
                0x08007530                USBD_FS_DeviceDescriptor
 .text.USBD_FS_LangIDStrDescriptor
                0x0800753c        0xc ../libDaisy-4.0.0/build\libdaisy.a(usbd_desc.o)
                0x0800753c                USBD_FS_LangIDStrDescriptor
 .text.USBD_FS_ManufacturerStrDescriptor
                0x08007548       0x1c ../libDaisy-4.0.0/build\libdaisy.a(usbd_desc.o)
                0x08007548                USBD_FS_ManufacturerStrDescriptor
 .text.USBD_HS_ProductStrDescriptor
                0x08007564       0x1c ../libDaisy-4.0.0/build\libdaisy.a(usbd_desc.o)
                0x08007564                USBD_HS_ProductStrDescriptor
 .text.USBD_FS_ConfigStrDescriptor
                0x08007580       0x1c ../libDaisy-4.0.0/build\libdaisy.a(usbd_desc.o)
                0x08007580                USBD_FS_ConfigStrDescriptor
 .text.USBD_FS_InterfaceStrDescriptor
                0x0800759c       0x1c ../libDaisy-4.0.0/build\libdaisy.a(usbd_desc.o)
                0x0800759c                USBD_FS_InterfaceStrDescriptor
 .text.USBD_FS_ProductStrDescriptor
                0x080075b8       0x1c ../libDaisy-4.0.0/build\libdaisy.a(usbd_desc.o)
                0x080075b8                USBD_FS_ProductStrDescriptor
 .text.USBD_HS_LangIDStrDescriptor
                0x080075d4        0xc ../libDaisy-4.0.0/build\libdaisy.a(usbd_desc.o)
                0x080075d4                USBD_HS_LangIDStrDescriptor
 .text.USBD_HS_ManufacturerStrDescriptor
                0x080075e0       0x1c ../libDaisy-4.0.0/build\libdaisy.a(usbd_desc.o)
                0x080075e0                USBD_HS_ManufacturerStrDescriptor
 .text.USBD_FS_SerialStrDescriptor
                0x080075fc      0x124 ../libDaisy-4.0.0/build\libdaisy.a(usbd_desc.o)
                0x080075fc                USBD_FS_SerialStrDescriptor
 .text.USBD_HS_SerialStrDescriptor
                0x08007720      0x124 ../libDaisy-4.0.0/build\libdaisy.a(usbd_desc.o)
                0x08007720                USBD_HS_SerialStrDescriptor
 .text.USBD_HS_InterfaceStrDescriptor
                0x08007844       0x1c ../libDaisy-4.0.0/build\libdaisy.a(usbd_desc.o)
                0x08007844                USBD_HS_InterfaceStrDescriptor
 .text.USBD_HS_ConfigStrDescriptor
                0x08007860       0x1c ../libDaisy-4.0.0/build\libdaisy.a(usbd_desc.o)
                0x08007860                USBD_HS_ConfigStrDescriptor
 .text.HAL_HCD_SOF_Callback
                0x0800787c        0x8 ../libDaisy-4.0.0/build\libdaisy.a(usbh_conf.o)
                0x0800787c                HAL_HCD_SOF_Callback
 .text.HAL_HCD_Connect_Callback
                0x08007884        0x8 ../libDaisy-4.0.0/build\libdaisy.a(usbh_conf.o)
                0x08007884                HAL_HCD_Connect_Callback
 .text.HAL_HCD_Disconnect_Callback
                0x0800788c        0x8 ../libDaisy-4.0.0/build\libdaisy.a(usbh_conf.o)
                0x0800788c                HAL_HCD_Disconnect_Callback
 .text.HAL_HCD_HC_NotifyURBChange_Callback
                0x08007894        0x4 ../libDaisy-4.0.0/build\libdaisy.a(usbh_conf.o)
                0x08007894                HAL_HCD_HC_NotifyURBChange_Callback
 .text.HAL_HCD_PortEnabled_Callback
                0x08007898        0x8 ../libDaisy-4.0.0/build\libdaisy.a(usbh_conf.o)
                0x08007898                HAL_HCD_PortEnabled_Callback
 .text.HAL_HCD_PortDisabled_Callback
                0x080078a0        0x8 ../libDaisy-4.0.0/build\libdaisy.a(usbh_conf.o)
                0x080078a0                HAL_HCD_PortDisabled_Callback
 .text.USBH_LL_Stop
                0x080078a8       0x1c ../libDaisy-4.0.0/build\libdaisy.a(usbh_conf.o)
                0x080078a8                USBH_LL_Stop
 .text._ZN5daisy5Color4InitENS0_11PresetColorE
                0x080078c4       0x20 ../libDaisy-4.0.0/build\libdaisy.a(color.o)
                0x080078c4                daisy::Color::Init(daisy::Color::PresetColor)
 .text.dsy_hal_map_get_port
                0x080078e4       0x10 ../libDaisy-4.0.0/build\libdaisy.a(hal_map.o)
                0x080078e4                dsy_hal_map_get_port
 .text.dsy_hal_map_get_pin
                0x080078f4       0x10 ../libDaisy-4.0.0/build\libdaisy.a(hal_map.o)
                0x080078f4                dsy_hal_map_get_pin
 .text.dsy_hal_map_gpio_clk_enable
                0x08007904      0x150 ../libDaisy-4.0.0/build\libdaisy.a(hal_map.o)
                0x08007904                dsy_hal_map_gpio_clk_enable
 .text.HAL_MspInit
                0x08007a54        0x4 ../libDaisy-4.0.0/build\libdaisy.a(stm32h7xx_hal.o)
                0x08007a54                HAL_MspInit
 .text.HAL_InitTick
                0x08007a58       0x4c ../libDaisy-4.0.0/build\libdaisy.a(stm32h7xx_hal.o)
                0x08007a58                HAL_InitTick
 .text.HAL_Init
                0x08007aa4       0x60 ../libDaisy-4.0.0/build\libdaisy.a(stm32h7xx_hal.o)
                0x08007aa4                HAL_Init
 .text.HAL_IncTick
                0x08007b04       0x18 ../libDaisy-4.0.0/build\libdaisy.a(stm32h7xx_hal.o)
                0x08007b04                HAL_IncTick
 .text.HAL_GetTick
                0x08007b1c        0xc ../libDaisy-4.0.0/build\libdaisy.a(stm32h7xx_hal.o)
                0x08007b1c                HAL_GetTick
 .text.HAL_Delay
                0x08007b28       0x24 ../libDaisy-4.0.0/build\libdaisy.a(stm32h7xx_hal.o)
                0x08007b28                HAL_Delay
 .text.HAL_GetREVID
                0x08007b4c        0xc ../libDaisy-4.0.0/build\libdaisy.a(stm32h7xx_hal.o)
                0x08007b4c                HAL_GetREVID
 .text.HAL_ADC_ConvHalfCpltCallback
                0x08007b58        0x4 ../libDaisy-4.0.0/build\libdaisy.a(stm32h7xx_hal_adc.o)
                0x08007b58                HAL_ADC_ConvHalfCpltCallback
 .text.ADC_DMAHalfConvCplt
                0x08007b5c        0xc ../libDaisy-4.0.0/build\libdaisy.a(stm32h7xx_hal_adc.o)
                0x08007b5c                ADC_DMAHalfConvCplt
 .text.ADC_DMAConvCplt
                0x08007b68       0x6c ../libDaisy-4.0.0/build\libdaisy.a(stm32h7xx_hal_adc.o)
                0x08007b68                ADC_DMAConvCplt
 .text.ADC_DMAError
                0x08007bd4       0x1c ../libDaisy-4.0.0/build\libdaisy.a(stm32h7xx_hal_adc.o)
                0x08007bd4                ADC_DMAError
 .text.HAL_ADC_ConfigChannel
                0x08007bf0      0x3fc ../libDaisy-4.0.0/build\libdaisy.a(stm32h7xx_hal_adc.o)
                0x08007bf0                HAL_ADC_ConfigChannel
 .text.ADC_Enable
                0x08007fec       0xac ../libDaisy-4.0.0/build\libdaisy.a(stm32h7xx_hal_adc.o)
                0x08007fec                ADC_Enable
 .text.HAL_ADC_Start_DMA
                0x08008098      0x114 ../libDaisy-4.0.0/build\libdaisy.a(stm32h7xx_hal_adc.o)
                0x08008098                HAL_ADC_Start_DMA
 .text.ADC_Disable
                0x080081ac       0x68 ../libDaisy-4.0.0/build\libdaisy.a(stm32h7xx_hal_adc.o)
                0x080081ac                ADC_Disable
 .text.ADC_ConfigureBoostMode
                0x08008214      0x184 ../libDaisy-4.0.0/build\libdaisy.a(stm32h7xx_hal_adc.o)
                0x08008214                ADC_ConfigureBoostMode
 .text.HAL_ADC_Init
                0x08008398      0x218 ../libDaisy-4.0.0/build\libdaisy.a(stm32h7xx_hal_adc.o)
                0x08008398                HAL_ADC_Init
 .text.HAL_ADCEx_Calibration_Start
                0x080085b0       0xa4 ../libDaisy-4.0.0/build\libdaisy.a(stm32h7xx_hal_adc_ex.o)
                0x080085b0                HAL_ADCEx_Calibration_Start
 .text.HAL_ADCEx_MultiModeConfigChannel
                0x08008654       0xc4 ../libDaisy-4.0.0/build\libdaisy.a(stm32h7xx_hal_adc_ex.o)
                0x08008654                HAL_ADCEx_MultiModeConfigChannel
 .text.HAL_NVIC_SetPriorityGrouping
                0x08008718       0x24 ../libDaisy-4.0.0/build\libdaisy.a(stm32h7xx_hal_cortex.o)
                0x08008718                HAL_NVIC_SetPriorityGrouping
 .text.HAL_NVIC_SetPriority
                0x0800873c       0x7c ../libDaisy-4.0.0/build\libdaisy.a(stm32h7xx_hal_cortex.o)
                0x0800873c                HAL_NVIC_SetPriority
 .text.HAL_NVIC_EnableIRQ
                0x080087b8       0x1c ../libDaisy-4.0.0/build\libdaisy.a(stm32h7xx_hal_cortex.o)
                0x080087b8                HAL_NVIC_EnableIRQ
 .text.HAL_NVIC_DisableIRQ
                0x080087d4       0x28 ../libDaisy-4.0.0/build\libdaisy.a(stm32h7xx_hal_cortex.o)
                0x080087d4                HAL_NVIC_DisableIRQ
 .text.HAL_SYSTICK_Config
                0x080087fc       0x2c ../libDaisy-4.0.0/build\libdaisy.a(stm32h7xx_hal_cortex.o)
                0x080087fc                HAL_SYSTICK_Config
 .text.HAL_MPU_Disable
                0x08008828       0x1c ../libDaisy-4.0.0/build\libdaisy.a(stm32h7xx_hal_cortex.o)
                0x08008828                HAL_MPU_Disable
 .text.HAL_MPU_Enable
                0x08008844       0x20 ../libDaisy-4.0.0/build\libdaisy.a(stm32h7xx_hal_cortex.o)
                0x08008844                HAL_MPU_Enable
 .text.HAL_MPU_ConfigRegion
                0x08008864       0x64 ../libDaisy-4.0.0/build\libdaisy.a(stm32h7xx_hal_cortex.o)
                0x08008864                HAL_MPU_ConfigRegion
 .text.HAL_SYSTICK_Callback
                0x080088c8        0x4 ../libDaisy-4.0.0/build\libdaisy.a(stm32h7xx_hal_cortex.o)
                0x080088c8                HAL_SYSTICK_Callback
 .text.HAL_SYSTICK_IRQHandler
                0x080088cc        0x8 ../libDaisy-4.0.0/build\libdaisy.a(stm32h7xx_hal_cortex.o)
                0x080088cc                HAL_SYSTICK_IRQHandler
 .text.DMA_CalcBaseAndBitshift
                0x080088d4       0xf4 ../libDaisy-4.0.0/build\libdaisy.a(stm32h7xx_hal_dma.o)
 .text.DMA_CalcDMAMUXChannelBaseAndMask
                0x080089c8       0xd8 ../libDaisy-4.0.0/build\libdaisy.a(stm32h7xx_hal_dma.o)
 .text.HAL_DMA_Init
                0x08008aa0      0x37c ../libDaisy-4.0.0/build\libdaisy.a(stm32h7xx_hal_dma.o)
                0x08008aa0                HAL_DMA_Init
 .text.HAL_DMA_Start_IT
                0x08008e1c      0x240 ../libDaisy-4.0.0/build\libdaisy.a(stm32h7xx_hal_dma.o)
                0x08008e1c                HAL_DMA_Start_IT
 .text.HAL_DMA_Abort_IT
                0x0800905c      0x134 ../libDaisy-4.0.0/build\libdaisy.a(stm32h7xx_hal_dma.o)
                0x0800905c                HAL_DMA_Abort_IT
 .text.HAL_DMA_IRQHandler
                0x08009190      0x6a0 ../libDaisy-4.0.0/build\libdaisy.a(stm32h7xx_hal_dma.o)
                0x08009190                HAL_DMA_IRQHandler
 .text.HAL_DMA_GetError
                0x08009830        0x4 ../libDaisy-4.0.0/build\libdaisy.a(stm32h7xx_hal_dma.o)
                0x08009830                HAL_DMA_GetError
 .text.HAL_GPIO_Init
                0x08009834      0x280 ../libDaisy-4.0.0/build\libdaisy.a(stm32h7xx_hal_gpio.o)
                0x08009834                HAL_GPIO_Init
 .text.HAL_GPIO_DeInit
                0x08009ab4      0x190 ../libDaisy-4.0.0/build\libdaisy.a(stm32h7xx_hal_gpio.o)
                0x08009ab4                HAL_GPIO_DeInit
 .text.HAL_GPIO_ReadPin
                0x08009c44        0xc ../libDaisy-4.0.0/build\libdaisy.a(stm32h7xx_hal_gpio.o)
                0x08009c44                HAL_GPIO_ReadPin
 .text.HAL_GPIO_WritePin
                0x08009c50        0x8 ../libDaisy-4.0.0/build\libdaisy.a(stm32h7xx_hal_gpio.o)
                0x08009c50                HAL_GPIO_WritePin
 .text.HAL_HCD_IRQHandler
                0x08009c58      0x780 ../libDaisy-4.0.0/build\libdaisy.a(stm32h7xx_hal_hcd.o)
                0x08009c58                HAL_HCD_IRQHandler
 .text.HAL_HCD_Stop
                0x0800a3d8       0x28 ../libDaisy-4.0.0/build\libdaisy.a(stm32h7xx_hal_hcd.o)
                0x0800a3d8                HAL_HCD_Stop
 .text.I2C_WaitOnTXISFlagUntilTimeout
                0x0800a400       0xb8 ../libDaisy-4.0.0/build\libdaisy.a(stm32h7xx_hal_i2c.o)
 .text.I2C_WaitOnSTOPFlagUntilTimeout
                0x0800a4b8       0xac ../libDaisy-4.0.0/build\libdaisy.a(stm32h7xx_hal_i2c.o)
 .text.HAL_I2C_Init
                0x0800a564       0xac ../libDaisy-4.0.0/build\libdaisy.a(stm32h7xx_hal_i2c.o)
                0x0800a564                HAL_I2C_Init
 .text.HAL_I2C_Master_Transmit
                0x0800a610      0x1a8 ../libDaisy-4.0.0/build\libdaisy.a(stm32h7xx_hal_i2c.o)
                0x0800a610                HAL_I2C_Master_Transmit
 .text.HAL_I2C_Slave_Transmit
                0x0800a7b8      0x1c8 ../libDaisy-4.0.0/build\libdaisy.a(stm32h7xx_hal_i2c.o)
                0x0800a7b8                HAL_I2C_Slave_Transmit
 .text.HAL_I2C_EV_IRQHandler
                0x0800a980       0x10 ../libDaisy-4.0.0/build\libdaisy.a(stm32h7xx_hal_i2c.o)
                0x0800a980                HAL_I2C_EV_IRQHandler
 .text.HAL_I2C_GetState
                0x0800a990        0x8 ../libDaisy-4.0.0/build\libdaisy.a(stm32h7xx_hal_i2c.o)
                0x0800a990                HAL_I2C_GetState
 .text.HAL_I2CEx_ConfigAnalogFilter
                0x0800a998       0x54 ../libDaisy-4.0.0/build\libdaisy.a(stm32h7xx_hal_i2c_ex.o)
                0x0800a998                HAL_I2CEx_ConfigAnalogFilter
 .text.HAL_I2CEx_ConfigDigitalFilter
                0x0800a9ec       0x58 ../libDaisy-4.0.0/build\libdaisy.a(stm32h7xx_hal_i2c_ex.o)
                0x0800a9ec                HAL_I2CEx_ConfigDigitalFilter
 .text.HAL_PCD_Init
                0x0800aa44      0x12c ../libDaisy-4.0.0/build\libdaisy.a(stm32h7xx_hal_pcd.o)
                0x0800aa44                HAL_PCD_Init
 .text.HAL_PCD_Start
                0x0800ab70       0x44 ../libDaisy-4.0.0/build\libdaisy.a(stm32h7xx_hal_pcd.o)
                0x0800ab70                HAL_PCD_Start
 .text.HAL_PCD_IRQHandler
                0x0800abb4      0x69c ../libDaisy-4.0.0/build\libdaisy.a(stm32h7xx_hal_pcd.o)
                0x0800abb4                HAL_PCD_IRQHandler
 .text.HAL_PCD_SetAddress
                0x0800b250       0x2c ../libDaisy-4.0.0/build\libdaisy.a(stm32h7xx_hal_pcd.o)
                0x0800b250                HAL_PCD_SetAddress
 .text.HAL_PCD_EP_Open
                0x0800b27c       0x7c ../libDaisy-4.0.0/build\libdaisy.a(stm32h7xx_hal_pcd.o)
                0x0800b27c                HAL_PCD_EP_Open
 .text.HAL_PCD_EP_Close
                0x0800b2f8       0x6c ../libDaisy-4.0.0/build\libdaisy.a(stm32h7xx_hal_pcd.o)
                0x0800b2f8                HAL_PCD_EP_Close
 .text.HAL_PCD_EP_Receive
                0x0800b364       0x50 ../libDaisy-4.0.0/build\libdaisy.a(stm32h7xx_hal_pcd.o)
                0x0800b364                HAL_PCD_EP_Receive
 .text.HAL_PCD_EP_GetRxCount
                0x0800b3b4       0x14 ../libDaisy-4.0.0/build\libdaisy.a(stm32h7xx_hal_pcd.o)
                0x0800b3b4                HAL_PCD_EP_GetRxCount
 .text.HAL_PCD_EP_Transmit
                0x0800b3c8       0x50 ../libDaisy-4.0.0/build\libdaisy.a(stm32h7xx_hal_pcd.o)
                0x0800b3c8                HAL_PCD_EP_Transmit
 .text.HAL_PCD_EP_SetStall
                0x0800b418       0x88 ../libDaisy-4.0.0/build\libdaisy.a(stm32h7xx_hal_pcd.o)
                0x0800b418                HAL_PCD_EP_SetStall
 .text.HAL_PCD_EP_ClrStall
                0x0800b4a0       0x78 ../libDaisy-4.0.0/build\libdaisy.a(stm32h7xx_hal_pcd.o)
                0x0800b4a0                HAL_PCD_EP_ClrStall
 .text.HAL_PCDEx_SetTxFiFo
                0x0800b518       0x54 ../libDaisy-4.0.0/build\libdaisy.a(stm32h7xx_hal_pcd_ex.o)
                0x0800b518                HAL_PCDEx_SetTxFiFo
 .text.HAL_PCDEx_SetRxFiFo
                0x0800b56c        0xc ../libDaisy-4.0.0/build\libdaisy.a(stm32h7xx_hal_pcd_ex.o)
                0x0800b56c                HAL_PCDEx_SetRxFiFo
 .text.HAL_PCDEx_ActivateLPM
                0x0800b578       0x30 ../libDaisy-4.0.0/build\libdaisy.a(stm32h7xx_hal_pcd_ex.o)
                0x0800b578                HAL_PCDEx_ActivateLPM
 .text.HAL_PCDEx_LPM_Callback
                0x0800b5a8        0x4 ../libDaisy-4.0.0/build\libdaisy.a(stm32h7xx_hal_pcd_ex.o)
                0x0800b5a8                HAL_PCDEx_LPM_Callback
 .text.HAL_PWREx_ConfigSupply
                0x0800b5ac       0x4c ../libDaisy-4.0.0/build\libdaisy.a(stm32h7xx_hal_pwr_ex.o)
                0x0800b5ac                HAL_PWREx_ConfigSupply
 .text.HAL_PWREx_EnableUSBVoltageDetector
                0x0800b5f8       0x10 ../libDaisy-4.0.0/build\libdaisy.a(stm32h7xx_hal_pwr_ex.o)
                0x0800b5f8                HAL_PWREx_EnableUSBVoltageDetector
 .text.QSPI_Config
                0x0800b608      0x174 ../libDaisy-4.0.0/build\libdaisy.a(stm32h7xx_hal_qspi.o)
 .text.HAL_QSPI_Init
                0x0800b77c       0xd8 ../libDaisy-4.0.0/build\libdaisy.a(stm32h7xx_hal_qspi.o)
                0x0800b77c                HAL_QSPI_Init
 .text.HAL_QSPI_DeInit
                0x0800b854       0x3c ../libDaisy-4.0.0/build\libdaisy.a(stm32h7xx_hal_qspi.o)
                0x0800b854                HAL_QSPI_DeInit
 .text.HAL_QSPI_Command
                0x0800b890       0xd4 ../libDaisy-4.0.0/build\libdaisy.a(stm32h7xx_hal_qspi.o)
                0x0800b890                HAL_QSPI_Command
 .text.HAL_QSPI_Transmit
                0x0800b964       0xfc ../libDaisy-4.0.0/build\libdaisy.a(stm32h7xx_hal_qspi.o)
                0x0800b964                HAL_QSPI_Transmit
 .text.HAL_QSPI_Receive
                0x0800ba60      0x108 ../libDaisy-4.0.0/build\libdaisy.a(stm32h7xx_hal_qspi.o)
                0x0800ba60                HAL_QSPI_Receive
 .text.HAL_QSPI_AutoPolling
                0x0800bb68       0xf0 ../libDaisy-4.0.0/build\libdaisy.a(stm32h7xx_hal_qspi.o)
                0x0800bb68                HAL_QSPI_AutoPolling
 .text.HAL_QSPI_MemoryMapped
                0x0800bc58       0xc0 ../libDaisy-4.0.0/build\libdaisy.a(stm32h7xx_hal_qspi.o)
                0x0800bc58                HAL_QSPI_MemoryMapped
 .text.HAL_QSPI_ErrorCallback
                0x0800bd18        0x4 ../libDaisy-4.0.0/build\libdaisy.a(stm32h7xx_hal_qspi.o)
                0x0800bd18                HAL_QSPI_ErrorCallback
 .text.QSPI_DMAAbortCplt
                0x0800bd1c       0x38 ../libDaisy-4.0.0/build\libdaisy.a(stm32h7xx_hal_qspi.o)
 .text.HAL_QSPI_AbortCpltCallback
                0x0800bd54        0x4 ../libDaisy-4.0.0/build\libdaisy.a(stm32h7xx_hal_qspi.o)
                0x0800bd54                HAL_QSPI_AbortCpltCallback
 .text.HAL_QSPI_CmdCpltCallback
                0x0800bd58        0x4 ../libDaisy-4.0.0/build\libdaisy.a(stm32h7xx_hal_qspi.o)
                0x0800bd58                HAL_QSPI_CmdCpltCallback
 .text.HAL_QSPI_RxCpltCallback
                0x0800bd5c        0x4 ../libDaisy-4.0.0/build\libdaisy.a(stm32h7xx_hal_qspi.o)
                0x0800bd5c                HAL_QSPI_RxCpltCallback
 .text.HAL_QSPI_TxCpltCallback
                0x0800bd60        0x4 ../libDaisy-4.0.0/build\libdaisy.a(stm32h7xx_hal_qspi.o)
                0x0800bd60                HAL_QSPI_TxCpltCallback
 .text.HAL_QSPI_FifoThresholdCallback
                0x0800bd64        0x4 ../libDaisy-4.0.0/build\libdaisy.a(stm32h7xx_hal_qspi.o)
                0x0800bd64                HAL_QSPI_FifoThresholdCallback
 .text.HAL_QSPI_StatusMatchCallback
                0x0800bd68        0x4 ../libDaisy-4.0.0/build\libdaisy.a(stm32h7xx_hal_qspi.o)
                0x0800bd68                HAL_QSPI_StatusMatchCallback
 .text.HAL_QSPI_TimeOutCallback
                0x0800bd6c        0x4 ../libDaisy-4.0.0/build\libdaisy.a(stm32h7xx_hal_qspi.o)
                0x0800bd6c                HAL_QSPI_TimeOutCallback
 .text.HAL_QSPI_IRQHandler
                0x0800bd70      0x210 ../libDaisy-4.0.0/build\libdaisy.a(stm32h7xx_hal_qspi.o)
                0x0800bd70                HAL_QSPI_IRQHandler
 .text.HAL_RCC_OscConfig
                0x0800bf80      0x51c ../libDaisy-4.0.0/build\libdaisy.a(stm32h7xx_hal_rcc.o)
                0x0800bf80                HAL_RCC_OscConfig
 .text.HAL_RCC_GetSysClockFreq
                0x0800c49c      0x140 ../libDaisy-4.0.0/build\libdaisy.a(stm32h7xx_hal_rcc.o)
                0x0800c49c                HAL_RCC_GetSysClockFreq
 .text.HAL_RCC_ClockConfig
                0x0800c5dc      0x234 ../libDaisy-4.0.0/build\libdaisy.a(stm32h7xx_hal_rcc.o)
                0x0800c5dc                HAL_RCC_ClockConfig
 .text.HAL_RCC_GetHCLKFreq
                0x0800c810       0x2c ../libDaisy-4.0.0/build\libdaisy.a(stm32h7xx_hal_rcc.o)
                0x0800c810                HAL_RCC_GetHCLKFreq
 .text.HAL_RCC_GetPCLK1Freq
                0x0800c83c       0x38 ../libDaisy-4.0.0/build\libdaisy.a(stm32h7xx_hal_rcc.o)
                0x0800c83c                HAL_RCC_GetPCLK1Freq
 .text.HAL_RCC_GetPCLK2Freq
                0x0800c874       0x38 ../libDaisy-4.0.0/build\libdaisy.a(stm32h7xx_hal_rcc.o)
                0x0800c874                HAL_RCC_GetPCLK2Freq
 .text.RCCEx_PLL2_Config
                0x0800c8ac       0xf4 ../libDaisy-4.0.0/build\libdaisy.a(stm32h7xx_hal_rcc_ex.o)
 .text.RCCEx_PLL3_Config
                0x0800c9a0       0xf4 ../libDaisy-4.0.0/build\libdaisy.a(stm32h7xx_hal_rcc_ex.o)
 .text.HAL_RCCEx_PeriphCLKConfig
                0x0800ca94      0xa7c ../libDaisy-4.0.0/build\libdaisy.a(stm32h7xx_hal_rcc_ex.o)
                0x0800ca94                HAL_RCCEx_PeriphCLKConfig
 .text.HAL_RCCEx_GetD3PCLK1Freq
                0x0800d510       0x24 ../libDaisy-4.0.0/build\libdaisy.a(stm32h7xx_hal_rcc_ex.o)
                0x0800d510                HAL_RCCEx_GetD3PCLK1Freq
 .text.HAL_RCCEx_GetPLL2ClockFreq
                0x0800d534      0x17c ../libDaisy-4.0.0/build\libdaisy.a(stm32h7xx_hal_rcc_ex.o)
                0x0800d534                HAL_RCCEx_GetPLL2ClockFreq
 .text.HAL_RCCEx_GetPLL3ClockFreq
                0x0800d6b0      0x17c ../libDaisy-4.0.0/build\libdaisy.a(stm32h7xx_hal_rcc_ex.o)
                0x0800d6b0                HAL_RCCEx_GetPLL3ClockFreq
 .text.HAL_RCCEx_GetPLL1ClockFreq
                0x0800d82c      0x17c ../libDaisy-4.0.0/build\libdaisy.a(stm32h7xx_hal_rcc_ex.o)
                0x0800d82c                HAL_RCCEx_GetPLL1ClockFreq
 .text.HAL_RCCEx_GetPeriphCLKFreq
                0x0800d9a8      0x198 ../libDaisy-4.0.0/build\libdaisy.a(stm32h7xx_hal_rcc_ex.o)
                0x0800d9a8                HAL_RCCEx_GetPeriphCLKFreq
 .text.HAL_RCCEx_GetD1SysClockFreq
                0x0800db40       0x2c ../libDaisy-4.0.0/build\libdaisy.a(stm32h7xx_hal_rcc_ex.o)
                0x0800db40                HAL_RCCEx_GetD1SysClockFreq
 .text.HAL_SAI_Init.part.0
                0x0800db6c      0x348 ../libDaisy-4.0.0/build\libdaisy.a(stm32h7xx_hal_sai.o)
 .text.HAL_SAI_InitProtocol
                0x0800deb4      0x178 ../libDaisy-4.0.0/build\libdaisy.a(stm32h7xx_hal_sai.o)
                0x0800deb4                HAL_SAI_InitProtocol
 .text.HAL_SAI_Transmit_DMA
                0x0800e02c      0x124 ../libDaisy-4.0.0/build\libdaisy.a(stm32h7xx_hal_sai.o)
                0x0800e02c                HAL_SAI_Transmit_DMA
 .text.HAL_SAI_Receive_DMA
                0x0800e150       0xd0 ../libDaisy-4.0.0/build\libdaisy.a(stm32h7xx_hal_sai.o)
                0x0800e150                HAL_SAI_Receive_DMA
 .text.HAL_SAI_TxCpltCallback
                0x0800e220        0x4 ../libDaisy-4.0.0/build\libdaisy.a(stm32h7xx_hal_sai.o)
                0x0800e220                HAL_SAI_TxCpltCallback
 .text.SAI_DMATxCplt
                0x0800e224       0x64 ../libDaisy-4.0.0/build\libdaisy.a(stm32h7xx_hal_sai.o)
 .text.HAL_SAI_TxHalfCpltCallback
                0x0800e288        0x4 ../libDaisy-4.0.0/build\libdaisy.a(stm32h7xx_hal_sai.o)
                0x0800e288                HAL_SAI_TxHalfCpltCallback
 .text.SAI_DMATxHalfCplt
                0x0800e28c        0xc ../libDaisy-4.0.0/build\libdaisy.a(stm32h7xx_hal_sai.o)
 .text.SAI_DMARxCplt
                0x0800e298       0x64 ../libDaisy-4.0.0/build\libdaisy.a(stm32h7xx_hal_sai.o)
 .text.SAI_DMARxHalfCplt
                0x0800e2fc        0xc ../libDaisy-4.0.0/build\libdaisy.a(stm32h7xx_hal_sai.o)
 .text.HAL_SAI_ErrorCallback
                0x0800e308        0x4 ../libDaisy-4.0.0/build\libdaisy.a(stm32h7xx_hal_sai.o)
                0x0800e308                HAL_SAI_ErrorCallback
 .text.SAI_DMAError
                0x0800e30c       0x6c ../libDaisy-4.0.0/build\libdaisy.a(stm32h7xx_hal_sai.o)
 .text.HAL_SDRAM_Init
                0x0800e378       0x54 ../libDaisy-4.0.0/build\libdaisy.a(stm32h7xx_hal_sdram.o)
                0x0800e378                HAL_SDRAM_Init
 .text.HAL_SDRAM_SendCommand
                0x0800e3cc       0x40 ../libDaisy-4.0.0/build\libdaisy.a(stm32h7xx_hal_sdram.o)
                0x0800e3cc                HAL_SDRAM_SendCommand
 .text.HAL_SDRAM_ProgramRefreshRate
                0x0800e40c       0x30 ../libDaisy-4.0.0/build\libdaisy.a(stm32h7xx_hal_sdram.o)
                0x0800e40c                HAL_SDRAM_ProgramRefreshRate
 .text.HAL_UART_Receive_DMA
                0x0800e43c       0xac ../libDaisy-4.0.0/build\libdaisy.a(stm32h7xx_hal_uart.o)
                0x0800e43c                HAL_UART_Receive_DMA
 .text.HAL_UART_TxCpltCallback
                0x0800e4e8        0x4 ../libDaisy-4.0.0/build\libdaisy.a(stm32h7xx_hal_uart.o)
                0x0800e4e8                HAL_UART_TxCpltCallback
 .text.UART_DMAReceiveCplt
                0x0800e4ec       0x38 ../libDaisy-4.0.0/build\libdaisy.a(stm32h7xx_hal_uart.o)
 .text.HAL_UART_RxHalfCpltCallback
                0x0800e524        0x4 ../libDaisy-4.0.0/build\libdaisy.a(stm32h7xx_hal_uart.o)
                0x0800e524                HAL_UART_RxHalfCpltCallback
 .text.UART_DMARxHalfCplt
                0x0800e528        0xc ../libDaisy-4.0.0/build\libdaisy.a(stm32h7xx_hal_uart.o)
 .text.UART_DMAError
                0x0800e534       0x78 ../libDaisy-4.0.0/build\libdaisy.a(stm32h7xx_hal_uart.o)
 .text.HAL_UART_IRQHandler
                0x0800e5ac      0x1d0 ../libDaisy-4.0.0/build\libdaisy.a(stm32h7xx_hal_uart.o)
                0x0800e5ac                HAL_UART_IRQHandler
 .text.UART_DMAAbortOnError
                0x0800e77c       0x14 ../libDaisy-4.0.0/build\libdaisy.a(stm32h7xx_hal_uart.o)
 .text.UART_SetConfig
                0x0800e790     0x14b8 ../libDaisy-4.0.0/build\libdaisy.a(stm32h7xx_hal_uart.o)
                0x0800e790                UART_SetConfig
 .text.UART_AdvFeatureConfig
                0x0800fc48       0xb0 ../libDaisy-4.0.0/build\libdaisy.a(stm32h7xx_hal_uart.o)
                0x0800fc48                UART_AdvFeatureConfig
 .text.UART_CheckIdleState
                0x0800fcf8       0x84 ../libDaisy-4.0.0/build\libdaisy.a(stm32h7xx_hal_uart.o)
                0x0800fcf8                UART_CheckIdleState
 .text.HAL_UART_Init
                0x0800fd7c       0x68 ../libDaisy-4.0.0/build\libdaisy.a(stm32h7xx_hal_uart.o)
                0x0800fd7c                HAL_UART_Init
 .text.HAL_UARTEx_WakeupCallback
                0x0800fde4        0x4 ../libDaisy-4.0.0/build\libdaisy.a(stm32h7xx_hal_uart_ex.o)
                0x0800fde4                HAL_UARTEx_WakeupCallback
 .text.HAL_UARTEx_RxFifoFullCallback
                0x0800fde8        0x4 ../libDaisy-4.0.0/build\libdaisy.a(stm32h7xx_hal_uart_ex.o)
                0x0800fde8                HAL_UARTEx_RxFifoFullCallback
 .text.HAL_UARTEx_TxFifoEmptyCallback
                0x0800fdec        0x4 ../libDaisy-4.0.0/build\libdaisy.a(stm32h7xx_hal_uart_ex.o)
                0x0800fdec                HAL_UARTEx_TxFifoEmptyCallback
 .text.HAL_UARTEx_DisableFifoMode
                0x0800fdf0       0x3c ../libDaisy-4.0.0/build\libdaisy.a(stm32h7xx_hal_uart_ex.o)
                0x0800fdf0                HAL_UARTEx_DisableFifoMode
 .text.HAL_UARTEx_SetTxFifoThreshold
                0x0800fe2c       0x9c ../libDaisy-4.0.0/build\libdaisy.a(stm32h7xx_hal_uart_ex.o)
                0x0800fe2c                HAL_UARTEx_SetTxFifoThreshold
 .text.HAL_UARTEx_SetRxFifoThreshold
                0x0800fec8       0x9c ../libDaisy-4.0.0/build\libdaisy.a(stm32h7xx_hal_uart_ex.o)
                0x0800fec8                HAL_UARTEx_SetRxFifoThreshold
 .text.FMC_SDRAM_Init
                0x0800ff64       0x7c ../libDaisy-4.0.0/build\libdaisy.a(stm32h7xx_ll_fmc.o)
                0x0800ff64                FMC_SDRAM_Init
 .text.FMC_SDRAM_Timing_Init
                0x0800ffe0       0x98 ../libDaisy-4.0.0/build\libdaisy.a(stm32h7xx_ll_fmc.o)
                0x0800ffe0                FMC_SDRAM_Timing_Init
 .text.FMC_SDRAM_SendCommand
                0x08010078       0x28 ../libDaisy-4.0.0/build\libdaisy.a(stm32h7xx_ll_fmc.o)
                0x08010078                FMC_SDRAM_SendCommand
 .text.FMC_SDRAM_ProgramRefreshRate
                0x080100a0       0x1c ../libDaisy-4.0.0/build\libdaisy.a(stm32h7xx_ll_fmc.o)
                0x080100a0                FMC_SDRAM_ProgramRefreshRate
 .text.USB_CoreInit
                0x080100bc       0xfc ../libDaisy-4.0.0/build\libdaisy.a(stm32h7xx_ll_usb.o)
                0x080100bc                USB_CoreInit
 .text.USB_SetTurnaroundTime
                0x080101b8       0xf4 ../libDaisy-4.0.0/build\libdaisy.a(stm32h7xx_ll_usb.o)
                0x080101b8                USB_SetTurnaroundTime
 .text.USB_EnableGlobalInt
                0x080102ac       0x10 ../libDaisy-4.0.0/build\libdaisy.a(stm32h7xx_ll_usb.o)
                0x080102ac                USB_EnableGlobalInt
 .text.USB_DisableGlobalInt
                0x080102bc       0x10 ../libDaisy-4.0.0/build\libdaisy.a(stm32h7xx_ll_usb.o)
                0x080102bc                USB_DisableGlobalInt
 .text.USB_SetCurrentMode
                0x080102cc       0x30 ../libDaisy-4.0.0/build\libdaisy.a(stm32h7xx_ll_usb.o)
                0x080102cc                USB_SetCurrentMode
 .text.USB_DevInit
                0x080102fc      0x20c ../libDaisy-4.0.0/build\libdaisy.a(stm32h7xx_ll_usb.o)
                0x080102fc                USB_DevInit
 .text.USB_FlushTxFifo
                0x08010508       0x24 ../libDaisy-4.0.0/build\libdaisy.a(stm32h7xx_ll_usb.o)
                0x08010508                USB_FlushTxFifo
 .text.USB_GetDevSpeed
                0x0801052c       0x18 ../libDaisy-4.0.0/build\libdaisy.a(stm32h7xx_ll_usb.o)
                0x0801052c                USB_GetDevSpeed
 .text.USB_ActivateEndpoint
                0x08010544       0x90 ../libDaisy-4.0.0/build\libdaisy.a(stm32h7xx_ll_usb.o)
                0x08010544                USB_ActivateEndpoint
 .text.USB_DeactivateEndpoint
                0x080105d4       0x84 ../libDaisy-4.0.0/build\libdaisy.a(stm32h7xx_ll_usb.o)
                0x080105d4                USB_DeactivateEndpoint
 .text.USB_EPStartXfer
                0x08010658      0x230 ../libDaisy-4.0.0/build\libdaisy.a(stm32h7xx_ll_usb.o)
                0x08010658                USB_EPStartXfer
 .text.USB_EP0StartXfer
                0x08010888      0x174 ../libDaisy-4.0.0/build\libdaisy.a(stm32h7xx_ll_usb.o)
                0x08010888                USB_EP0StartXfer
 .text.USB_WritePacket
                0x080109fc       0x2c ../libDaisy-4.0.0/build\libdaisy.a(stm32h7xx_ll_usb.o)
                0x080109fc                USB_WritePacket
 .text.USB_ReadPacket
                0x08010a28       0x20 ../libDaisy-4.0.0/build\libdaisy.a(stm32h7xx_ll_usb.o)
                0x08010a28                USB_ReadPacket
 .text.USB_EPSetStall
                0x08010a48       0x68 ../libDaisy-4.0.0/build\libdaisy.a(stm32h7xx_ll_usb.o)
                0x08010a48                USB_EPSetStall
 .text.USB_EPClearStall
                0x08010ab0       0x58 ../libDaisy-4.0.0/build\libdaisy.a(stm32h7xx_ll_usb.o)
                0x08010ab0                USB_EPClearStall
 .text.USB_SetDevAddress
                0x08010b08       0x24 ../libDaisy-4.0.0/build\libdaisy.a(stm32h7xx_ll_usb.o)
                0x08010b08                USB_SetDevAddress
 .text.USB_DevConnect
                0x08010b2c       0x1c ../libDaisy-4.0.0/build\libdaisy.a(stm32h7xx_ll_usb.o)
                0x08010b2c                USB_DevConnect
 .text.USB_DevDisconnect
                0x08010b48       0x1c ../libDaisy-4.0.0/build\libdaisy.a(stm32h7xx_ll_usb.o)
                0x08010b48                USB_DevDisconnect
 .text.USB_ReadInterrupts
                0x08010b64        0x8 ../libDaisy-4.0.0/build\libdaisy.a(stm32h7xx_ll_usb.o)
                0x08010b64                USB_ReadInterrupts
 .text.USB_ReadDevAllOutEpInterrupt
                0x08010b6c       0x10 ../libDaisy-4.0.0/build\libdaisy.a(stm32h7xx_ll_usb.o)
                0x08010b6c                USB_ReadDevAllOutEpInterrupt
 .text.USB_ReadDevAllInEpInterrupt
                0x08010b7c       0x10 ../libDaisy-4.0.0/build\libdaisy.a(stm32h7xx_ll_usb.o)
                0x08010b7c                USB_ReadDevAllInEpInterrupt
 .text.USB_ReadDevOutEPInterrupt
                0x08010b8c       0x14 ../libDaisy-4.0.0/build\libdaisy.a(stm32h7xx_ll_usb.o)
                0x08010b8c                USB_ReadDevOutEPInterrupt
 .text.USB_ReadDevInEPInterrupt
                0x08010ba0       0x20 ../libDaisy-4.0.0/build\libdaisy.a(stm32h7xx_ll_usb.o)
                0x08010ba0                USB_ReadDevInEPInterrupt
 .text.USB_GetMode
                0x08010bc0        0x8 ../libDaisy-4.0.0/build\libdaisy.a(stm32h7xx_ll_usb.o)
                0x08010bc0                USB_GetMode
 .text.USB_ActivateSetup
                0x08010bc8       0x38 ../libDaisy-4.0.0/build\libdaisy.a(stm32h7xx_ll_usb.o)
                0x08010bc8                USB_ActivateSetup
 .text.USB_EP0_OutStart
                0x08010c00       0x58 ../libDaisy-4.0.0/build\libdaisy.a(stm32h7xx_ll_usb.o)
                0x08010c00                USB_EP0_OutStart
 .text.USB_InitFSLSPClkSel
                0x08010c58       0x44 ../libDaisy-4.0.0/build\libdaisy.a(stm32h7xx_ll_usb.o)
                0x08010c58                USB_InitFSLSPClkSel
 .text.USB_HC_ReadInterrupt
                0x08010c9c        0x8 ../libDaisy-4.0.0/build\libdaisy.a(stm32h7xx_ll_usb.o)
                0x08010c9c                USB_HC_ReadInterrupt
 .text.USB_HC_Halt
                0x08010ca4       0xb4 ../libDaisy-4.0.0/build\libdaisy.a(stm32h7xx_ll_usb.o)
                0x08010ca4                USB_HC_Halt
 .text.USB_StopHost
                0x08010d58      0x184 ../libDaisy-4.0.0/build\libdaisy.a(stm32h7xx_ll_usb.o)
                0x08010d58                USB_StopHost
 .text.USBD_CDC_EP0_RxReady
                0x08010edc       0x2c ../libDaisy-4.0.0/build\libdaisy.a(usbd_cdc.o)
 .text.USBD_CDC_GetFSCfgDesc
                0x08010f08       0x24 ../libDaisy-4.0.0/build\libdaisy.a(usbd_cdc.o)
 .text.USBD_CDC_GetHSCfgDesc
                0x08010f2c       0x24 ../libDaisy-4.0.0/build\libdaisy.a(usbd_cdc.o)
 .text.USBD_CDC_GetOtherSpeedCfgDesc
                0x08010f50       0x24 ../libDaisy-4.0.0/build\libdaisy.a(usbd_cdc.o)
 .text.USBD_CDC_GetDeviceQualifierDescriptor
                0x08010f74       0x10 ../libDaisy-4.0.0/build\libdaisy.a(usbd_cdc.o)
                0x08010f74                USBD_CDC_GetDeviceQualifierDescriptor
 .text.USBD_CDC_DataOut
                0x08010f84       0x30 ../libDaisy-4.0.0/build\libdaisy.a(usbd_cdc.o)
 .text.USBD_CDC_DataIn
                0x08010fb4       0x50 ../libDaisy-4.0.0/build\libdaisy.a(usbd_cdc.o)
 .text.USBD_CDC_Setup
                0x08011004       0xcc ../libDaisy-4.0.0/build\libdaisy.a(usbd_cdc.o)
 .text.USBD_CDC_DeInit
                0x080110d0       0x44 ../libDaisy-4.0.0/build\libdaisy.a(usbd_cdc.o)
 .text.USBD_CDC_Init
                0x08011114       0x94 ../libDaisy-4.0.0/build\libdaisy.a(usbd_cdc.o)
 .text.USBD_CDC_RegisterInterface
                0x080111a8       0x10 ../libDaisy-4.0.0/build\libdaisy.a(usbd_cdc.o)
                0x080111a8                USBD_CDC_RegisterInterface
 .text.USBD_CDC_SetTxBuffer
                0x080111b8       0x14 ../libDaisy-4.0.0/build\libdaisy.a(usbd_cdc.o)
                0x080111b8                USBD_CDC_SetTxBuffer
 .text.USBD_CDC_SetRxBuffer
                0x080111cc       0x10 ../libDaisy-4.0.0/build\libdaisy.a(usbd_cdc.o)
                0x080111cc                USBD_CDC_SetRxBuffer
 .text.USBD_CDC_TransmitPacket
                0x080111dc       0x34 ../libDaisy-4.0.0/build\libdaisy.a(usbd_cdc.o)
                0x080111dc                USBD_CDC_TransmitPacket
 .text.USBD_CDC_ReceivePacket
                0x08011210       0x38 ../libDaisy-4.0.0/build\libdaisy.a(usbd_cdc.o)
                0x08011210                USBD_CDC_ReceivePacket
 .text.USBD_Init
                0x08011248       0x44 ../libDaisy-4.0.0/build\libdaisy.a(usbd_core.o)
                0x08011248                USBD_Init
 .text.USBD_RegisterClass
                0x0801128c       0x2c ../libDaisy-4.0.0/build\libdaisy.a(usbd_core.o)
                0x0801128c                USBD_RegisterClass
 .text.USBD_Start
                0x080112b8        0xc ../libDaisy-4.0.0/build\libdaisy.a(usbd_core.o)
                0x080112b8                USBD_Start
 .text.USBD_SetClassConfig
                0x080112c4       0x14 ../libDaisy-4.0.0/build\libdaisy.a(usbd_core.o)
                0x080112c4                USBD_SetClassConfig
 .text.USBD_ClrClassConfig
                0x080112d8       0x10 ../libDaisy-4.0.0/build\libdaisy.a(usbd_core.o)
                0x080112d8                USBD_ClrClassConfig
 .text.USBD_LL_SetupStage
                0x080112e8       0x5c ../libDaisy-4.0.0/build\libdaisy.a(usbd_core.o)
                0x080112e8                USBD_LL_SetupStage
 .text.USBD_LL_DataOutStage
                0x08011344       0x7c ../libDaisy-4.0.0/build\libdaisy.a(usbd_core.o)
                0x08011344                USBD_LL_DataOutStage
 .text.USBD_LL_DataInStage
                0x080113c0       0xcc ../libDaisy-4.0.0/build\libdaisy.a(usbd_core.o)
                0x080113c0                USBD_LL_DataInStage
 .text.USBD_LL_Reset
                0x0801148c       0x50 ../libDaisy-4.0.0/build\libdaisy.a(usbd_core.o)
                0x0801148c                USBD_LL_Reset
 .text.USBD_LL_SetSpeed
                0x080114dc        0x8 ../libDaisy-4.0.0/build\libdaisy.a(usbd_core.o)
                0x080114dc                USBD_LL_SetSpeed
 .text.USBD_LL_Suspend
                0x080114e4       0x14 ../libDaisy-4.0.0/build\libdaisy.a(usbd_core.o)
                0x080114e4                USBD_LL_Suspend
 .text.USBD_LL_Resume
                0x080114f8       0x10 ../libDaisy-4.0.0/build\libdaisy.a(usbd_core.o)
                0x080114f8                USBD_LL_Resume
 .text.USBD_LL_SOF
                0x08011508       0x1c ../libDaisy-4.0.0/build\libdaisy.a(usbd_core.o)
                0x08011508                USBD_LL_SOF
 .text.USBD_LL_IsoINIncomplete
                0x08011524        0x4 ../libDaisy-4.0.0/build\libdaisy.a(usbd_core.o)
                0x08011524                USBD_LL_IsoINIncomplete
 .text.USBD_LL_IsoOUTIncomplete
                0x08011528        0x4 ../libDaisy-4.0.0/build\libdaisy.a(usbd_core.o)
                0x08011528                USBD_LL_IsoOUTIncomplete
 .text.USBD_LL_DevConnected
                0x0801152c        0x4 ../libDaisy-4.0.0/build\libdaisy.a(usbd_core.o)
                0x0801152c                USBD_LL_DevConnected
 .text.USBD_LL_DevDisconnected
                0x08011530       0x18 ../libDaisy-4.0.0/build\libdaisy.a(usbd_core.o)
                0x08011530                USBD_LL_DevDisconnected
 .text.USBD_StdDevReq
                0x08011548      0x304 ../libDaisy-4.0.0/build\libdaisy.a(usbd_ctlreq.o)
                0x08011548                USBD_StdDevReq
 .text.USBD_StdItfReq
                0x0801184c       0x68 ../libDaisy-4.0.0/build\libdaisy.a(usbd_ctlreq.o)
                0x0801184c                USBD_StdItfReq
 .text.USBD_StdEPReq
                0x080118b4      0x13c ../libDaisy-4.0.0/build\libdaisy.a(usbd_ctlreq.o)
                0x080118b4                USBD_StdEPReq
 .text.USBD_ParseSetupRequest
                0x080119f0       0x28 ../libDaisy-4.0.0/build\libdaisy.a(usbd_ctlreq.o)
                0x080119f0                USBD_ParseSetupRequest
 .text.USBD_CtlError
                0x08011a18       0x18 ../libDaisy-4.0.0/build\libdaisy.a(usbd_ctlreq.o)
                0x08011a18                USBD_CtlError
 .text.USBD_GetString
                0x08011a30       0x54 ../libDaisy-4.0.0/build\libdaisy.a(usbd_ctlreq.o)
                0x08011a30                USBD_GetString
 .text.USBD_CtlSendData
                0x08011a84       0x1c ../libDaisy-4.0.0/build\libdaisy.a(usbd_ioreq.o)
                0x08011a84                USBD_CtlSendData
 .text.USBD_CtlContinueSendData
                0x08011aa0       0x14 ../libDaisy-4.0.0/build\libdaisy.a(usbd_ioreq.o)
                0x08011aa0                USBD_CtlContinueSendData
 .text.USBD_CtlPrepareRx
                0x08011ab4       0x1c ../libDaisy-4.0.0/build\libdaisy.a(usbd_ioreq.o)
                0x08011ab4                USBD_CtlPrepareRx
 .text.USBD_CtlContinueRx
                0x08011ad0       0x14 ../libDaisy-4.0.0/build\libdaisy.a(usbd_ioreq.o)
                0x08011ad0                USBD_CtlContinueRx
 .text.USBD_CtlSendStatus
                0x08011ae4       0x18 ../libDaisy-4.0.0/build\libdaisy.a(usbd_ioreq.o)
                0x08011ae4                USBD_CtlSendStatus
 .text.USBD_CtlReceiveStatus
                0x08011afc       0x18 ../libDaisy-4.0.0/build\libdaisy.a(usbd_ioreq.o)
                0x08011afc                USBD_CtlReceiveStatus
 .text.USBH_LL_IncTimer
                0x08011b14       0x20 ../libDaisy-4.0.0/build\libdaisy.a(usbh_core.o)
                0x08011b14                USBH_LL_IncTimer
 .text.USBH_LL_PortEnabled
                0x08011b34        0x8 ../libDaisy-4.0.0/build\libdaisy.a(usbh_core.o)
                0x08011b34                USBH_LL_PortEnabled
 .text.USBH_LL_PortDisabled
                0x08011b3c        0x8 ../libDaisy-4.0.0/build\libdaisy.a(usbh_core.o)
                0x08011b3c                USBH_LL_PortDisabled
 .text.USBH_LL_Connect
                0x08011b44       0x18 ../libDaisy-4.0.0/build\libdaisy.a(usbh_core.o)
                0x08011b44                USBH_LL_Connect
 .text.USBH_LL_Disconnect
                0x08011b5c       0x2c ../libDaisy-4.0.0/build\libdaisy.a(usbh_core.o)
                0x08011b5c                USBH_LL_Disconnect
 .text.USBH_FreePipe
                0x08011b88       0x18 ../libDaisy-4.0.0/build\libdaisy.a(usbh_pipes.o)
                0x08011b88                USBH_FreePipe
 .text._ZN5daisy3Led4InitE12dsy_gpio_pinbf
                0x08011ba0       0x48 ../libDaisy-4.0.0/build\libdaisy.a(led.o)
                0x08011ba0                daisy::Led::Init(dsy_gpio_pin, bool, float)
 .text._ZN5daisy3Led3SetEf
                0x08011be8       0x24 ../libDaisy-4.0.0/build\libdaisy.a(led.o)
                0x08011be8                daisy::Led::Set(float)
 .text._ZN5daisy3Led6UpdateEv
                0x08011c0c       0x48 ../libDaisy-4.0.0/build\libdaisy.a(led.o)
                0x08011c0c                daisy::Led::Update()
 .text._ZN5daisy6Random4InitEv
                0x08011c54       0x3c ../libDaisy-4.0.0/build\libdaisy.a(rng.o)
                0x08011c54                daisy::Random::Init()
 .text._ZN5daisy9SpiHandle4Impl10StartDmaTxEPhjPFvPvNS0_6ResultEES3_
                0x08011c90       0xfc ../libDaisy-4.0.0/build\libdaisy.a(spi.o)
                0x08011c90                daisy::SpiHandle::Impl::StartDmaTx(unsigned char*, unsigned int, void (*)(void*, daisy::SpiHandle::Result), void*)
 .text._ZN5daisy9SpiHandle4Impl10StartDmaRxEPhjPFvPvNS0_6ResultEES3_
                0x08011d8c       0xfc ../libDaisy-4.0.0/build\libdaisy.a(spi.o)
                0x08011d8c                daisy::SpiHandle::Impl::StartDmaRx(unsigned char*, unsigned int, void (*)(void*, daisy::SpiHandle::Result), void*)
 .text._ZN5daisy9SpiHandle4Impl8InitPinsEv
                0x08011e88      0x274 ../libDaisy-4.0.0/build\libdaisy.a(spi.o)
                0x08011e88                daisy::SpiHandle::Impl::InitPins()
 .text.HAL_SPI_MspInit
                0x080120fc      0x1a8 ../libDaisy-4.0.0/build\libdaisy.a(spi.o)
                0x080120fc                HAL_SPI_MspInit
 .text.dsy_spi_global_init
                0x080122a4       0x6c ../libDaisy-4.0.0/build\libdaisy.a(spi.o)
                0x080122a4                dsy_spi_global_init
 .text.SPI1_IRQHandler
                0x08012310        0xc ../libDaisy-4.0.0/build\libdaisy.a(spi.o)
                0x08012310                SPI1_IRQHandler
 .text.DMA1_Stream7_IRQHandler
                0x0801231c       0x34 ../libDaisy-4.0.0/build\libdaisy.a(spi.o)
                0x0801231c                DMA1_Stream7_IRQHandler
 .text.HAL_SPI_TxCpltCallback
                0x08012350       0x90 ../libDaisy-4.0.0/build\libdaisy.a(spi.o)
                0x08012350                HAL_SPI_TxCpltCallback
 .text.HAL_SPI_RxCpltCallback
                0x080123e0       0x90 ../libDaisy-4.0.0/build\libdaisy.a(spi.o)
                0x080123e0                HAL_SPI_RxCpltCallback
 .text.HAL_SPI_ErrorCallback
                0x08012470       0x94 ../libDaisy-4.0.0/build\libdaisy.a(spi.o)
                0x08012470                HAL_SPI_ErrorCallback
 .text.startup._GLOBAL__sub_I__Z19MapInstanceToHandleP11SPI_TypeDef
                0x08012504      0x168 ../libDaisy-4.0.0/build\libdaisy.a(spi.o)
 .text.HAL_TIM_Base_MspInit
                0x0801266c       0xcc ../libDaisy-4.0.0/build\libdaisy.a(tim.o)
                0x0801266c                HAL_TIM_Base_MspInit
 .text._ZN5daisy11TimerHandle4InitERKNS0_6ConfigE
                0x08012738       0xc4 ../libDaisy-4.0.0/build\libdaisy.a(tim.o)
                0x08012738                daisy::TimerHandle::Init(daisy::TimerHandle::Config const&)
 .text._ZN5daisy11TimerHandle5StartEv
                0x080127fc       0x14 ../libDaisy-4.0.0/build\libdaisy.a(tim.o)
                0x080127fc                daisy::TimerHandle::Start()
 .text.dsy_dma_init
                0x08012810       0xe0 ../libDaisy-4.0.0/build\libdaisy.a(dma.o)
                0x08012810                dsy_dma_init
 .text.HAL_MDMA_Abort_IT
                0x080128f0       0x2c ../libDaisy-4.0.0/build\libdaisy.a(stm32h7xx_hal_mdma.o)
                0x080128f0                HAL_MDMA_Abort_IT
 .text.SPI_CloseTransfer
                0x0801291c       0xb8 ../libDaisy-4.0.0/build\libdaisy.a(stm32h7xx_hal_spi.o)
 .text.HAL_SPI_Init
                0x080129d4      0x15c ../libDaisy-4.0.0/build\libdaisy.a(stm32h7xx_hal_spi.o)
                0x080129d4                HAL_SPI_Init
 .text.HAL_SPI_Transmit_DMA
                0x08012b30      0x170 ../libDaisy-4.0.0/build\libdaisy.a(stm32h7xx_hal_spi.o)
                0x08012b30                HAL_SPI_Transmit_DMA
 .text.HAL_SPI_TransmitReceive_DMA
                0x08012ca0      0x218 ../libDaisy-4.0.0/build\libdaisy.a(stm32h7xx_hal_spi.o)
                0x08012ca0                HAL_SPI_TransmitReceive_DMA
 .text.HAL_SPI_Receive_DMA
                0x08012eb8      0x1b4 ../libDaisy-4.0.0/build\libdaisy.a(stm32h7xx_hal_spi.o)
                0x08012eb8                HAL_SPI_Receive_DMA
 .text.SPI_DMATransmitCplt
                0x0801306c       0x28 ../libDaisy-4.0.0/build\libdaisy.a(stm32h7xx_hal_spi.o)
 .text.SPI_DMAReceiveCplt
                0x08013094       0x28 ../libDaisy-4.0.0/build\libdaisy.a(stm32h7xx_hal_spi.o)
 .text.HAL_SPI_TxRxCpltCallback
                0x080130bc        0x4 ../libDaisy-4.0.0/build\libdaisy.a(stm32h7xx_hal_spi.o)
                0x080130bc                HAL_SPI_TxRxCpltCallback
 .text.SPI_DMATransmitReceiveCplt
                0x080130c0       0x28 ../libDaisy-4.0.0/build\libdaisy.a(stm32h7xx_hal_spi.o)
 .text.HAL_SPI_TxHalfCpltCallback
                0x080130e8        0x4 ../libDaisy-4.0.0/build\libdaisy.a(stm32h7xx_hal_spi.o)
                0x080130e8                HAL_SPI_TxHalfCpltCallback
 .text.SPI_DMAHalfTransmitCplt
                0x080130ec        0xc ../libDaisy-4.0.0/build\libdaisy.a(stm32h7xx_hal_spi.o)
 .text.HAL_SPI_RxHalfCpltCallback